[www.themesindustry.com/html/webox/404.html]
[www.themesindustry.com/html/webox/demos/index.html]
[www.themesindustry.com/html/webox/about_rtl.html]
[www.themesindustry.com/html/webox/blog.html]
[www.themesindustry.com/html/webox/about.html]
[www.themesindustry.com/html/webox/blog_detail_rtl.html]
[www.themesindustry.com/html/webox/blog_rtl.html]
[www.themesindustry.com/html/webox/contact_rtl.html]
[www.themesindustry.com/html/webox/blog_detail.html]
[www.themesindustry.com/html/webox/blog2.html]
[www.themesindustry.com/html/webox/contact.html]
[www.themesindustry.com/html/webox/blog3.html]
[www.themesindustry.com/html/webox/services_rtl.html]
[www.themesindustry.com/html/webox/faq.html]
[www.themesindustry.com/html/webox/gallery-detail.html]
[www.themesindustry.com/html/webox/demos/index-2.html]
[www.themesindustry.com/html/webox/gallery.html]
[www.themesindustry.com/html/webox/shop_cart_rtl.html]
[www.themesindustry.com/html/webox/icon/assistive-listening-systems.html]
[www.themesindustry.com/html/webox/icon/ambulance.html]
[www.themesindustry.com/html/webox/icon/american-sign-language-interpreting.html]
[www.themesindustry.com/html/webox/shop_detail_rtl.html]
[www.themesindustry.com/html/webox/icon/audio-description.html]
[www.themesindustry.com/html/webox/icon/bicycle.html]
[www.themesindustry.com/html/webox/icon/braille.html]
[www.themesindustry.com/html/webox/shop_rtl.html]
[www.themesindustry.com/html/webox/icon/bus.html]
[www.themesindustry.com/html/webox/icon/blind.html]
[www.themesindustry.com/html/webox/icon/car.html]
[www.themesindustry.com/html/webox/icon/cc.html]
[www.themesindustry.com/html/webox/icon/fighter-jet.html]
[www.themesindustry.com/html/webox/icon/deaf.html]
[backblue.gif]
[fade.gif]
[index.html]
[www.themesindustry.com/html/webox/icon/hand-lizard-o.html]
[www.themesindustry.com/html/webox/icon/hand-o-left.html]
[www.themesindustry.com/html/webox/demos/index.html]
[www.themesindustry.com/html/webox/icon/hand-o-down.html]
[www.themesindustry.com/html/webox/icon/hand-o-right.html]
[www.themesindustry.com/html/webox/404.html]
[www.themesindustry.com/html/webox/icon/hand-paper-o.html]
[www.themesindustry.com/html/webox/icon/hand-o-up.html]
[www.themesindustry.com/html/webox/about.html]
[www.themesindustry.com/html/webox/icon/hand-peace-o.html]
[www.themesindustry.com/html/webox/icon/hand-pointer-o.html]
[www.themesindustry.com/html/webox/blog.html]
[www.themesindustry.com/html/webox/icon/hand-rock-o.html]
[www.themesindustry.com/html/webox/icon/hand-scissors-o.html]
[www.themesindustry.com/html/webox/about_rtl.html]
[www.themesindustry.com/html/webox/icon/hand-spock-o.html]
[www.themesindustry.com/html/webox/icon/low-vision.html]
[www.themesindustry.com/html/webox/blog_detail_rtl.html]
[www.themesindustry.com/html/webox/icon/id-card.html]
[www.themesindustry.com/html/webox/icon/question-circle-o.html]
[www.themesindustry.com/html/webox/blog_rtl.html]
[www.themesindustry.com/html/webox/icon/rocket.html]
[www.themesindustry.com/html/webox/icon/plane.html]
[www.themesindustry.com/html/webox/icon/motorcycle.html]
[www.themesindustry.com/html/webox/contact_rtl.html]
[www.themesindustry.com/html/webox/icon/ship.html]
[www.themesindustry.com/html/webox/icon/sign-language.html]
[www.themesindustry.com/html/webox/icon/space-shuttle.html]
[www.themesindustry.com/html/webox/blog2.html]
[www.themesindustry.com/html/webox/icon/taxi.html]
[www.themesindustry.com/html/webox/icon/subway.html]
[www.themesindustry.com/html/webox/icon/thumbs-down.html]
[www.themesindustry.com/html/webox/icon/thumbs-o-down.html]
[www.themesindustry.com/html/webox/blog3.html]
[www.themesindustry.com/html/webox/icon/thumbs-o-up.html]
[www.themesindustry.com/html/webox/blog_detail.html]
[www.themesindustry.com/html/webox/icon/train.html]
[www.themesindustry.com/html/webox/icon/thumbs-up.html]
[www.themesindustry.com/html/webox/icon/truck.html]
[www.themesindustry.com/html/webox/contact.html]
[www.themesindustry.com/html/webox/demos/index-2.html]
[www.themesindustry.com/html/webox/icon/tty.html]
[www.themesindustry.com/html/webox/icon/universal-access.html]
[www.themesindustry.com/html/webox/icon/wheelchair.html]
[www.themesindustry.com/html/webox/icon/volume-control-phone.html]
[www.themesindustry.com/html/webox/index-bubbles.html]
[www.themesindustry.com/html/webox/icon/wheelchair-alt.html]
[www.themesindustry.com/html/webox/faq.html]
[www.themesindustry.com/html/webox/index-bottom-nav.html]
[www.themesindustry.com/html/webox/index-business-startup.html]
[www.themesindustry.com/html/webox/gallery-detail.html]
[www.themesindustry.com/html/webox/index-classic.html]
[www.themesindustry.com/html/webox/index-creative-studio.html]
[www.themesindustry.com/html/webox/index-flat-agency.html]
[www.themesindustry.com/html/webox/gallery.html]
[www.themesindustry.com/html/webox/index-flat.html]
[www.themesindustry.com/html/webox/index-modern-portfolio.html]
[www.themesindustry.com/html/webox/index-center-brand.html]
[www.themesindustry.com/html/webox/index-interactive-agency.html]
[www.themesindustry.com/html/webox/index-modern.html]
[www.themesindustry.com/html/webox/index-parallax.html]
[www.themesindustry.com/html/webox/one-page.html]
[www.themesindustry.com/html/webox/index-studio.html]
[www.themesindustry.com/html/webox/index.html]
[www.themesindustry.com/html/webox/onepage-agency.html]
[www.themesindustry.com/html/webox/onepage-creative.html]
[www.themesindustry.com/html/webox/pricing.html]
[www.themesindustry.com/html/webox/services.html]
[www.themesindustry.com/html/webox/shop.html]
[www.themesindustry.com/html/webox/shop_cart.html]
[www.themesindustry.com/html/webox/shop_detail.html]
[www.themesindustry.com/html/webox/team.html]
[www.themesindustry.com/html/webox/index-bottom-nav.html]
[www.themesindustry.com/html/webox/testimonial.html]
[www.themesindustry.com/html/webox/index-bubbles.html]
[www.themesindustry.com/html/webox/index-business-startup.html]
[www.themesindustry.com/html/webox/index-center-brand.html]
[www.themesindustry.com/html/webox/index-classic.html]
[www.themesindustry.com/html/webox/index-creative-studio.html]
[www.themesindustry.com/html/webox/index-flat-agency.html]
[www.themesindustry.com/html/webox/index-flat.html]
[www.themesindustry.com/html/webox/index-interactive-agency.html]
[cdnjs.cloudflare.com/ajax/libs/metisMenu/2.7.1/metisMenu.min.js]
[www.themesindustry.com/html/webox/index-modern-portfolio.html]
[www.themesindustry.com/html/webox/index-modern.html]
[www.themesindustry.com/html/webox/index-parallax.html]
[www.themesindustry.com/html/webox/index-studio.html]
[www.themesindustry.com/html/webox/index.html]
[www.themesindustry.com/html/webox/index_rtl.html]
[www.themesindustry.com/html/webox/one-page.html]
[www.themesindustry.com/html/webox/onepage-agency.html]
[www.themesindustry.com/html/webox/onepage-creative.html]
[www.themesindustry.com/html/webox/pricing.html]
[www.themesindustry.com/html/webox/services.html]
[www.themesindustry.com/html/webox/shop.html]
[www.themesindustry.com/html/webox/shop_cart.html]
[www.themesindustry.com/html/webox/shop_detail.html]
[www.themesindustry.com/html/webox/team.html]
[www.themesindustry.com/html/webox/testimonial.html]
[www.themesindustry.com/html/webox/services_rtl.html]
[www.themesindustry.com/html/webox/shop_cart_rtl.html]
[www.themesindustry.com/html/webox/shop_detail_rtl.html]
[www.themesindustry.com/html/webox/shop_rtl.html]
[code.jquery.com/jquery-3.2.1.min.js]
[code.jquery.com/jquery-3.3.1.min.js]
