[www.themesindustry.com/html/webox/demos/index.html]
[www.themesindustry.com/html/webox/404.html]
[www.themesindustry.com/html/webox/about.html]
[www.themesindustry.com/html/webox/blog.html]
[www.themesindustry.com/html/webox/blog2.html]
[www.themesindustry.com/html/webox/blog3.html]
[www.themesindustry.com/html/webox/blog_detail.html]
[www.themesindustry.com/html/webox/contact.html]
[www.themesindustry.com/html/webox/faq.html]
[www.themesindustry.com/html/webox/gallery-detail.html]
[www.themesindustry.com/html/webox/gallery.html]
[www.themesindustry.com/html/webox/icon/ambulance]
[www.themesindustry.com/html/webox/icon/american-sign-language-interpreting]
[www.themesindustry.com/html/webox/icon/assistive-listening-systems]
[www.themesindustry.com/html/webox/icon/audio-description]
[www.themesindustry.com/html/webox/icon/bicycle]
[www.themesindustry.com/html/webox/icon/blind]
[www.themesindustry.com/html/webox/icon/braille]
[www.themesindustry.com/html/webox/icon/bus]
[www.themesindustry.com/html/webox/icon/car]
[www.themesindustry.com/html/webox/icon/cc]
[www.themesindustry.com/html/webox/icon/deaf]
[www.themesindustry.com/html/webox/icon/fighter-jet]
[www.themesindustry.com/html/webox/icon/hand-lizard-o]
[www.themesindustry.com/html/webox/icon/hand-o-down]
[www.themesindustry.com/html/webox/icon/hand-o-left]
[www.themesindustry.com/html/webox/icon/hand-o-right]
[www.themesindustry.com/html/webox/icon/hand-o-up]
[www.themesindustry.com/html/webox/icon/hand-paper-o]
[www.themesindustry.com/html/webox/icon/hand-peace-o]
[www.themesindustry.com/html/webox/icon/hand-pointer-o]
[www.themesindustry.com/html/webox/icon/hand-rock-o]
[www.themesindustry.com/html/webox/icon/hand-scissors-o]
[www.themesindustry.com/html/webox/icon/hand-spock-o]
[www.themesindustry.com/html/webox/icon/id-card]
[www.themesindustry.com/html/webox/icon/low-vision]
[www.themesindustry.com/html/webox/icon/motorcycle]
[www.themesindustry.com/html/webox/icon/plane]
[www.themesindustry.com/html/webox/icon/question-circle-o]
[www.themesindustry.com/html/webox/icon/rocket]
[www.themesindustry.com/html/webox/icon/ship]
[www.themesindustry.com/html/webox/icon/sign-language]
[www.themesindustry.com/html/webox/icon/space-shuttle]
[www.themesindustry.com/html/webox/icon/subway]
[www.themesindustry.com/html/webox/icon/taxi]
[www.themesindustry.com/html/webox/icon/thumbs-down]
[www.themesindustry.com/html/webox/icon/thumbs-o-down]
[www.themesindustry.com/html/webox/icon/thumbs-o-up]
[www.themesindustry.com/html/webox/icon/thumbs-up]
[www.themesindustry.com/html/webox/icon/train]
[www.themesindustry.com/html/webox/icon/truck]
[www.themesindustry.com/html/webox/icon/tty]
[www.themesindustry.com/html/webox/icon/universal-access]
[www.themesindustry.com/html/webox/icon/volume-control-phone]
[www.themesindustry.com/html/webox/icon/wheelchair]
[www.themesindustry.com/html/webox/icon/wheelchair-alt]
[www.themesindustry.com/html/webox/index-bottom-nav.html]
[www.themesindustry.com/html/webox/index-bubbles.html]
[www.themesindustry.com/html/webox/index-business-startup.html]
[www.themesindustry.com/html/webox/index-center-brand.html]
[www.themesindustry.com/html/webox/index-classic.html]
[www.themesindustry.com/html/webox/index-creative-studio.html]
[www.themesindustry.com/html/webox/index-flat-agency.html]
[www.themesindustry.com/html/webox/index-flat.html]
[www.themesindustry.com/html/webox/index-interactive-agency.html]
[www.themesindustry.com/html/webox/index-modern-portfolio.html]
[www.themesindustry.com/html/webox/index-modern.html]
[www.themesindustry.com/html/webox/index-parallax.html]
[www.themesindustry.com/html/webox/index-studio.html]
[www.themesindustry.com/html/webox/index.html]
[www.themesindustry.com/html/webox/index_rtl.html]
[www.themesindustry.com/html/webox/one-page.html]
[www.themesindustry.com/html/webox/onepage-agency.html]
[www.themesindustry.com/html/webox/onepage-creative.html]
[www.themesindustry.com/html/webox/pricing.html]
[www.themesindustry.com/html/webox/services.html]
[www.themesindustry.com/html/webox/shop.html]
[www.themesindustry.com/html/webox/shop_cart.html]
[www.themesindustry.com/html/webox/shop_detail.html]
[www.themesindustry.com/html/webox/team.html]
[www.themesindustry.com/html/webox/testimonial.html]
[backblue.gif]
[fade.gif]
[index.html]
[www.themesindustry.com/html/webox/demos/index.html]
[www.themesindustry.com/html/webox/404.html]
[www.themesindustry.com/html/webox/about.html]
[www.themesindustry.com/html/webox/blog.html]
[www.themesindustry.com/html/webox/blog2.html]
[www.themesindustry.com/html/webox/blog3.html]
[www.themesindustry.com/html/webox/blog_detail.html]
[www.themesindustry.com/html/webox/contact.html]
[www.themesindustry.com/html/webox/demos/index-2.html]
[www.themesindustry.com/html/webox/faq.html]
[www.themesindustry.com/html/webox/gallery-detail.html]
[www.themesindustry.com/html/webox/gallery.html]
[www.themesindustry.com/html/webox/index-bottom-nav.html]
[code.jquery.com/jquery-3.3.1.min.js]
[www.themesindustry.com/html/webox/index-bubbles.html]
[www.themesindustry.com/html/webox/index-business-startup.html]
[www.themesindustry.com/html/webox/index-center-brand.html]
[www.themesindustry.com/html/webox/index-classic.html]
[www.themesindustry.com/html/webox/index-creative-studio.html]
[www.themesindustry.com/html/webox/index-flat-agency.html]
[www.themesindustry.com/html/webox/index-flat.html]
[www.themesindustry.com/html/webox/index-interactive-agency.html]
[www.themesindustry.com/html/webox/index-modern-portfolio.html]
[www.themesindustry.com/html/webox/index-modern.html]
[www.themesindustry.com/html/webox/index-parallax.html]
[cdnjs.cloudflare.com/ajax/libs/metisMenu/2.7.1/metisMenu.min.js]
[www.themesindustry.com/html/webox/index-studio.html]
[www.themesindustry.com/html/webox/index.html]
[www.themesindustry.com/html/webox/index_rtl.html]
[www.themesindustry.com/html/webox/one-page.html]
[www.themesindustry.com/html/webox/onepage-agency.html]
[www.themesindustry.com/html/webox/onepage-creative.html]
[www.themesindustry.com/html/webox/pricing.html]
[www.themesindustry.com/html/webox/services.html]
[www.themesindustry.com/html/webox/shop.html]
[www.themesindustry.com/html/webox/shop_cart.html]
[www.themesindustry.com/html/webox/shop_detail.html]
[www.themesindustry.com/html/webox/team.html]
[www.themesindustry.com/html/webox/testimonial.html]
[code.jquery.com/jquery-3.2.1.min.js]
