[teamthe4.com/index.html]
[backblue.gif]
[fade.gif]
[index.html]
[teamthe4.com/assets/css/bootstrap.min.css]
[teamthe4.com/assets/font-awesome/css/font-awesome.min.css]
[teamthe4.com/assets/img/tt4-favicon-icon.ico]
[teamthe4.com/assets/font-awesome/css/brands.min.css]
[teamthe4.com/assets/fonts/GE_Dinar_Two_Medium/stylesheet.css]
[teamthe4.com/assets/css/owl.carousel.min.css]
[teamthe4.com/assets/css/owl.theme.default.css]
[teamthe4.com/assets/css/animate.css]
[cdnjs.cloudflare.com/ajax/libs/normalize/5.0.0/normalize.min.css]
[teamthe4.com/admin/assets/js/sweetalert.min.js]
[teamthe4.com/admin/assets/css/sweetalert.css]
[ajax.googleapis.com/ajax/libs/jquery/2.0.0/jquery.min.js]
[ajax.googleapis.com/ajax/libs/jquery/1.11.3/jquery.min.js]
[teamthe4.com/404.html]
[teamthe4.com/admin/assets/js/jquery.vide.js]
[teamthe4.com/assets/css/jquery.fancybox.css]
[teamthe4.com/admin/assets/css/dataTables.bootstrap.css]
[teamthe4.com/assets/flag-icon-css/css/flag-icon.min.css]
[teamthe4.com/assets/css/styles.css]
[teamthe4.com/r9se.gif]
[teamthe4.com/img-x/tt4-in-the-name-of-allah.gif]
[teamthe4.com/cdn-cgi/l/email-protection.html]
[teamthe4.com/assets/img/uploads/other/teamthe4-logo.jpg]
[teamthe4.com/about.html]
[teamthe4.com/services.html]
[teamthe4.com/portfolio.html]
[teamthe4.com/contacts.html]
[teamthe4.com/cdn-cgi/scripts/5c5dd728/cloudflare-static/email-decode.min.js]
[teamthe4.com/assets/img/uploads/other/slide-27-ar.jpg]
[teamthe4.com/assets/img/uploads/other/slide-28-ar.gif]
[teamthe4.com/assets/img/uploads/other/slide-26-ar.png]
[teamthe4.com/assets/img/uploads/other/slide-29-ar.jpg]
[teamthe4.com/assets/img/uploads/other/slide-30-ar.gif]
[teamthe4.com/assets/img/uploads/other/slide-31-ar.gif]
[teamthe4.com/assets/img/uploads/other/slide-32-ar.png]
[teamthe4.com/assets/img/uploads/other/slide-33-ar.png]
[teamthe4.com/assets/img/uploads/other/slide-34-ar.jpg]
[teamthe4.com/assets/img/uploads/services/services_image_18.gif]
[teamthe4.com/service-detailse371.html]
[teamthe4.com/assets/img/uploads/services/43848b551c55fce3c0c4b9e82cfccdc7.gif]
[teamthe4.com/service-details190a.html]
[teamthe4.com/assets/img/uploads/services/5d4fc124cba2ab1ceea1d17cf2fcd4fe.gif]
[teamthe4.com/service-details6258.html]
[teamthe4.com/assets/img/uploads/services/8772e1f6b9709fc9b798685c9cbe7775.gif]
[teamthe4.com/assets/img/uploads/services/ab8b013c5541f1d053a63c5f6db74b8e.gif]
[teamthe4.com/service-details7429.html]
[teamthe4.com/service-details2728.html]
[teamthe4.com/assets/img/uploads/services/ff544819487ea10aa27c5dcafaaf385e.gif]
[teamthe4.com/service-detailsa9bc.html]
[teamthe4.com/assets/img/uploads/services/0572ea6d7406e54fd3a927a97f1dd133.gif]
[teamthe4.com/service-details2e5f.html]
[teamthe4.com/assets/img/uploads/services/5691245cdbbe46a6a01b31fec49dcd50.gif]
[teamthe4.com/service-detailse5cc.html]
[teamthe4.com/privacy.html]
[teamthe4.com/assets/js/jquery.js]
[teamthe4.com/assets/js/parallax.js]
[teamthe4.com/assets/js/owl.carousel.min.js]
[teamthe4.com/assets/js/bootstrap.min.js]
[teamthe4.com/assets/js/jquery.plugin.js]
[teamthe4.com/assets/js/resize-slider-min.js]
[teamthe4.com/assets/js/jquery.countdown.js]
[teamthe4.com/assets/js/validator.js]
[teamthe4.com/assets/js/isotope.min.js]
[teamthe4.com/assets/js/jquery.fancybox.pack.js]
[teamthe4.com/assets/js/classie.js]
[teamthe4.com/assets/js/modernizr.custom.js]
[teamthe4.com/assets/js/imagesloaded.pkgd.min.js]
[teamthe4.com/assets/js/slick.js]
[teamthe4.com/assets/js/main.js]
[teamthe4.com/assets/js/masonry.pkgd.min.js]
[teamthe4.com/assets/js/jquery.waypoints.js]
[teamthe4.com/index.html]
[teamthe4.com/assets/js/jquery.counterup.js]
[www.googletagmanager.com/gtm5445.html]
[teamthe4.com/assets/js/progressbar.js]
[teamthe4.com/assets/fonts/glyphicons-halflings-regular.eot]
[teamthe4.com/assets/fonts/glyphicons-halflings-regular.woff2]
[teamthe4.com/assets/fonts/glyphicons-halflings-regular.woff]
[teamthe4.com/assets/fonts/glyphicons-halflings-regulard41d.eot]
[teamthe4.com/assets/fonts/glyphicons-halflings-regular.svg]
[teamthe4.com/assets/fonts/glyphicons-halflings-regular.ttf]
[teamthe4.com/assets/css/bootstrap.min.css]
[teamthe4.com/assets/font-awesome/fonts/fontawesome-webfonte0a5.eot]
[teamthe4.com/assets/font-awesome/fonts/fontawesome-webfontd41d.eot]
[teamthe4.com/assets/font-awesome/fonts/fontawesome-webfonte0a5.woff2]
[teamthe4.com/assets/font-awesome/fonts/fontawesome-webfonte0a5.woff]
[teamthe4.com/assets/font-awesome/fonts/fontawesome-webfonte0a5.svg]
[teamthe4.com/assets/font-awesome/css/font-awesome.min.css]
[teamthe4.com/assets/font-awesome/fonts/fontawesome-webfonte0a5.ttf]
[teamthe4.com/assets/font-awesome/webfonts/fa-brands-400.woff2]
[teamthe4.com/assets/font-awesome/webfonts/fa-brands-400.eot]
[teamthe4.com/assets/font-awesome/webfonts/fa-brands-400.woff]
[teamthe4.com/assets/font-awesome/webfonts/fa-brands-400d41d.eot]
[teamthe4.com/assets/font-awesome/webfonts/fa-brands-400.svg]
[teamthe4.com/assets/font-awesome/css/brands.min.css]
[teamthe4.com/assets/fonts/GE_Dinar_Two_Medium/GE_Dinar_Two_Mediumd41d.eot]
[teamthe4.com/assets/fonts/GE_Dinar_Two_Medium/GE_Dinar_Two_Medium.woff]
[teamthe4.com/assets/fonts/GE_Dinar_Two_Medium/GE_Dinar_Two_Medium.ttf]
[teamthe4.com/assets/fonts/GE_Dinar_Two_Medium/GE_Dinar_Two_Medium.svg]
[teamthe4.com/assets/fonts/GE_Dinar_Two_Medium/stylesheet.css]
[teamthe4.com/assets/css/owl.carousel.min.css]
[teamthe4.com/assets/css/owl.theme.default.css]
[teamthe4.com/assets/css/animate.css]
[cdnjs.cloudflare.com/ajax/libs/normalize/5.0.0/normalize.min.css]
[teamthe4.com/admin/assets/css/sweetalert.css]
[teamthe4.com/assets/font-awesome/webfonts/fa-brands-400.ttf]
[teamthe4.com/assets/img/error.jpg]
[teamthe4.com/404.html]
[teamthe4.com/assets/images/fancybox_sprite.png]
[teamthe4.com/assets/images/fancybox_loading.gif]
[teamthe4.com/assets/images/fancybox_overlay.png]
[teamthe4.com/assets/images/fancybox_sprite@2x.png]
[teamthe4.com/assets/images/fancybox_loading@2x.gif]
[teamthe4.com/assets/css/jquery.fancybox.css]
[teamthe4.com/admin/assets/images/sort_both.png]
[teamthe4.com/admin/assets/images/sort_asc.png]
[teamthe4.com/admin/assets/images/sort_desc.png]
[teamthe4.com/admin/assets/css/dataTables.bootstrap.css]
[teamthe4.com/assets/img/loading.svg]
[teamthe4.com/assets/css/styles.css]
[teamthe4.com/assets/flag-icon-css/flags/4x3/ad.svg]
[teamthe4.com/assets/flag-icon-css/flags/1x1/ad.svg]
[teamthe4.com/assets/flag-icon-css/flags/4x3/ae.svg]
[teamthe4.com/assets/flag-icon-css/flags/1x1/ae.svg]
[teamthe4.com/assets/flag-icon-css/flags/4x3/af.svg]
[teamthe4.com/assets/flag-icon-css/flags/1x1/af.svg]
[teamthe4.com/assets/flag-icon-css/flags/4x3/ag.svg]
[teamthe4.com/assets/flag-icon-css/flags/1x1/ag.svg]
[teamthe4.com/assets/flag-icon-css/flags/4x3/ai.svg]
[teamthe4.com/assets/flag-icon-css/flags/1x1/ai.svg]
[teamthe4.com/assets/flag-icon-css/flags/4x3/al.svg]
[teamthe4.com/assets/flag-icon-css/flags/1x1/al.svg]
[teamthe4.com/assets/flag-icon-css/flags/4x3/am.svg]
[teamthe4.com/assets/flag-icon-css/flags/1x1/am.svg]
[teamthe4.com/assets/flag-icon-css/flags/4x3/ao.svg]
[teamthe4.com/assets/flag-icon-css/flags/1x1/ao.svg]
[teamthe4.com/assets/flag-icon-css/flags/4x3/aq.svg]
[teamthe4.com/assets/flag-icon-css/flags/1x1/aq.svg]
[teamthe4.com/assets/flag-icon-css/flags/4x3/ar.svg]
[teamthe4.com/assets/flag-icon-css/flags/1x1/ar.svg]
[teamthe4.com/assets/flag-icon-css/flags/1x1/as.svg]
[teamthe4.com/assets/flag-icon-css/flags/4x3/as.svg]
[teamthe4.com/assets/flag-icon-css/flags/4x3/at.svg]
[teamthe4.com/assets/flag-icon-css/flags/1x1/at.svg]
[teamthe4.com/assets/flag-icon-css/flags/4x3/au.svg]
[teamthe4.com/assets/flag-icon-css/flags/1x1/au.svg]
[teamthe4.com/assets/flag-icon-css/flags/4x3/aw.svg]
[teamthe4.com/assets/flag-icon-css/flags/1x1/aw.svg]
[teamthe4.com/assets/flag-icon-css/flags/4x3/ax.svg]
[teamthe4.com/assets/flag-icon-css/flags/1x1/ax.svg]
[teamthe4.com/assets/flag-icon-css/flags/4x3/az.svg]
[teamthe4.com/assets/flag-icon-css/flags/1x1/az.svg]
[teamthe4.com/assets/flag-icon-css/flags/4x3/ba.svg]
[teamthe4.com/assets/flag-icon-css/flags/1x1/ba.svg]
[teamthe4.com/assets/flag-icon-css/flags/4x3/bb.svg]
[teamthe4.com/assets/flag-icon-css/flags/1x1/bb.svg]
[teamthe4.com/assets/flag-icon-css/flags/4x3/bd.svg]
[teamthe4.com/assets/flag-icon-css/flags/1x1/bd.svg]
[teamthe4.com/assets/flag-icon-css/flags/4x3/be.svg]
[teamthe4.com/assets/flag-icon-css/flags/1x1/be.svg]
[teamthe4.com/assets/flag-icon-css/flags/4x3/bf.svg]
[teamthe4.com/assets/flag-icon-css/flags/1x1/bf.svg]
[teamthe4.com/assets/flag-icon-css/flags/4x3/bg.svg]
[teamthe4.com/assets/flag-icon-css/flags/1x1/bg.svg]
[teamthe4.com/assets/flag-icon-css/flags/4x3/bh.svg]
[teamthe4.com/assets/flag-icon-css/flags/1x1/bh.svg]
[teamthe4.com/assets/flag-icon-css/flags/4x3/bi.svg]
[teamthe4.com/assets/flag-icon-css/flags/1x1/bi.svg]
[teamthe4.com/assets/flag-icon-css/flags/4x3/bj.svg]
[teamthe4.com/assets/flag-icon-css/flags/1x1/bj.svg]
[teamthe4.com/assets/flag-icon-css/flags/4x3/bl.svg]
[teamthe4.com/assets/flag-icon-css/flags/1x1/bl.svg]
[teamthe4.com/assets/flag-icon-css/flags/4x3/bm.svg]
[teamthe4.com/assets/flag-icon-css/flags/1x1/bm.svg]
[teamthe4.com/assets/flag-icon-css/flags/4x3/bn.svg]
[teamthe4.com/assets/flag-icon-css/flags/1x1/bn.svg]
[teamthe4.com/assets/flag-icon-css/flags/4x3/bo.svg]
[teamthe4.com/assets/flag-icon-css/flags/1x1/bo.svg]
[teamthe4.com/assets/flag-icon-css/flags/4x3/bq.svg]
[teamthe4.com/assets/flag-icon-css/flags/1x1/bq.svg]
[teamthe4.com/assets/flag-icon-css/flags/4x3/br.svg]
[teamthe4.com/assets/flag-icon-css/flags/1x1/br.svg]
[teamthe4.com/assets/flag-icon-css/flags/4x3/bs.svg]
[teamthe4.com/assets/flag-icon-css/flags/1x1/bs.svg]
[teamthe4.com/assets/flag-icon-css/flags/4x3/bt.svg]
[teamthe4.com/assets/flag-icon-css/flags/1x1/bt.svg]
[teamthe4.com/assets/flag-icon-css/flags/4x3/bv.svg]
[teamthe4.com/assets/flag-icon-css/flags/1x1/bv.svg]
[teamthe4.com/assets/flag-icon-css/flags/4x3/bw.svg]
[teamthe4.com/assets/flag-icon-css/flags/1x1/bw.svg]
[teamthe4.com/assets/flag-icon-css/flags/4x3/by.svg]
[teamthe4.com/assets/flag-icon-css/flags/1x1/by.svg]
[teamthe4.com/assets/flag-icon-css/flags/4x3/bz.svg]
[teamthe4.com/assets/flag-icon-css/flags/1x1/bz.svg]
[teamthe4.com/assets/flag-icon-css/flags/4x3/ca.svg]
[teamthe4.com/assets/flag-icon-css/flags/1x1/ca.svg]
[teamthe4.com/assets/flag-icon-css/flags/4x3/cc.svg]
[teamthe4.com/assets/flag-icon-css/flags/1x1/cc.svg]
[teamthe4.com/assets/flag-icon-css/flags/4x3/cd.svg]
[teamthe4.com/assets/flag-icon-css/flags/1x1/cd.svg]
[teamthe4.com/assets/flag-icon-css/flags/4x3/cf.svg]
[teamthe4.com/assets/flag-icon-css/flags/1x1/cf.svg]
[teamthe4.com/assets/flag-icon-css/flags/4x3/cg.svg]
[teamthe4.com/assets/flag-icon-css/flags/1x1/cg.svg]
[teamthe4.com/assets/flag-icon-css/flags/4x3/ch.svg]
[teamthe4.com/assets/flag-icon-css/flags/1x1/ch.svg]
[teamthe4.com/assets/flag-icon-css/flags/4x3/ci.svg]
[teamthe4.com/assets/flag-icon-css/flags/1x1/ci.svg]
[teamthe4.com/assets/flag-icon-css/flags/4x3/ck.svg]
[teamthe4.com/assets/flag-icon-css/flags/1x1/ck.svg]
[teamthe4.com/assets/flag-icon-css/flags/4x3/cl.svg]
[teamthe4.com/assets/flag-icon-css/flags/1x1/cl.svg]
[teamthe4.com/assets/flag-icon-css/flags/4x3/cm.svg]
[teamthe4.com/assets/flag-icon-css/flags/1x1/cm.svg]
[teamthe4.com/assets/flag-icon-css/flags/4x3/cn.svg]
[teamthe4.com/assets/flag-icon-css/flags/1x1/cn.svg]
[teamthe4.com/assets/flag-icon-css/flags/4x3/co.svg]
[teamthe4.com/assets/flag-icon-css/flags/1x1/co.svg]
[teamthe4.com/assets/flag-icon-css/flags/4x3/cr.svg]
[teamthe4.com/assets/flag-icon-css/flags/1x1/cr.svg]
[teamthe4.com/assets/flag-icon-css/flags/4x3/cu.svg]
[teamthe4.com/assets/flag-icon-css/flags/1x1/cu.svg]
[teamthe4.com/assets/flag-icon-css/flags/4x3/cv.svg]
[teamthe4.com/assets/flag-icon-css/flags/1x1/cv.svg]
[teamthe4.com/assets/flag-icon-css/flags/4x3/cw.svg]
[teamthe4.com/assets/flag-icon-css/flags/1x1/cw.svg]
[teamthe4.com/assets/flag-icon-css/flags/4x3/cx.svg]
[teamthe4.com/assets/flag-icon-css/flags/1x1/cx.svg]
[teamthe4.com/assets/flag-icon-css/flags/4x3/cy.svg]
[teamthe4.com/assets/flag-icon-css/flags/1x1/cy.svg]
[teamthe4.com/assets/flag-icon-css/flags/4x3/cz.svg]
[teamthe4.com/assets/flag-icon-css/flags/1x1/cz.svg]
[teamthe4.com/assets/flag-icon-css/flags/4x3/de.svg]
[teamthe4.com/assets/flag-icon-css/flags/1x1/de.svg]
[teamthe4.com/assets/flag-icon-css/flags/4x3/dj.svg]
[teamthe4.com/assets/flag-icon-css/flags/1x1/dj.svg]
[teamthe4.com/assets/flag-icon-css/flags/4x3/dk.svg]
[teamthe4.com/assets/flag-icon-css/flags/1x1/dk.svg]
[teamthe4.com/assets/flag-icon-css/flags/4x3/dm.svg]
[teamthe4.com/assets/flag-icon-css/flags/1x1/dm.svg]
[teamthe4.com/assets/flag-icon-css/flags/4x3/do.svg]
[teamthe4.com/assets/flag-icon-css/flags/4x3/dz.svg]
[teamthe4.com/assets/flag-icon-css/flags/1x1/do.svg]
[teamthe4.com/assets/flag-icon-css/flags/1x1/dz.svg]
[teamthe4.com/assets/flag-icon-css/flags/4x3/ec.svg]
[teamthe4.com/assets/flag-icon-css/flags/1x1/ec.svg]
[teamthe4.com/assets/flag-icon-css/flags/4x3/ee.svg]
[teamthe4.com/assets/flag-icon-css/flags/1x1/ee.svg]
[teamthe4.com/assets/flag-icon-css/flags/4x3/eg.svg]
[teamthe4.com/assets/flag-icon-css/flags/1x1/eg.svg]
[teamthe4.com/assets/flag-icon-css/flags/4x3/eh.svg]
[teamthe4.com/assets/flag-icon-css/flags/1x1/eh.svg]
[teamthe4.com/assets/flag-icon-css/flags/4x3/er.svg]
[teamthe4.com/assets/flag-icon-css/flags/1x1/er.svg]
[teamthe4.com/assets/flag-icon-css/flags/4x3/es.svg]
[teamthe4.com/assets/flag-icon-css/flags/1x1/es.svg]
[teamthe4.com/assets/flag-icon-css/flags/4x3/et.svg]
[teamthe4.com/assets/flag-icon-css/flags/1x1/et.svg]
[teamthe4.com/assets/flag-icon-css/flags/4x3/fi.svg]
[teamthe4.com/assets/flag-icon-css/flags/1x1/fi.svg]
[teamthe4.com/assets/flag-icon-css/flags/4x3/fj.svg]
[teamthe4.com/assets/flag-icon-css/flags/1x1/fj.svg]
[teamthe4.com/assets/flag-icon-css/flags/4x3/fk.svg]
[teamthe4.com/assets/flag-icon-css/flags/1x1/fk.svg]
[teamthe4.com/assets/flag-icon-css/flags/4x3/fm.svg]
[teamthe4.com/assets/flag-icon-css/flags/1x1/fm.svg]
[teamthe4.com/assets/flag-icon-css/flags/4x3/fo.svg]
[teamthe4.com/assets/flag-icon-css/flags/1x1/fo.svg]
[teamthe4.com/assets/flag-icon-css/flags/4x3/fr.svg]
[teamthe4.com/assets/flag-icon-css/flags/1x1/fr.svg]
[teamthe4.com/assets/flag-icon-css/flags/4x3/ga.svg]
[teamthe4.com/assets/flag-icon-css/flags/1x1/ga.svg]
[teamthe4.com/assets/flag-icon-css/flags/4x3/gb.svg]
[teamthe4.com/assets/flag-icon-css/flags/1x1/gb.svg]
[teamthe4.com/assets/flag-icon-css/flags/4x3/gd.svg]
[teamthe4.com/assets/flag-icon-css/flags/1x1/gd.svg]
[teamthe4.com/assets/flag-icon-css/flags/4x3/ge.svg]
[teamthe4.com/assets/flag-icon-css/flags/1x1/ge.svg]
[teamthe4.com/assets/flag-icon-css/flags/4x3/gf.svg]
[teamthe4.com/assets/flag-icon-css/flags/1x1/gf.svg]
[teamthe4.com/assets/flag-icon-css/flags/4x3/gg.svg]
[teamthe4.com/assets/flag-icon-css/flags/1x1/gg.svg]
[teamthe4.com/assets/flag-icon-css/flags/4x3/gh.svg]
[teamthe4.com/assets/flag-icon-css/flags/1x1/gh.svg]
[teamthe4.com/assets/flag-icon-css/flags/4x3/gi.svg]
[teamthe4.com/assets/flag-icon-css/flags/1x1/gi.svg]
[teamthe4.com/assets/flag-icon-css/flags/4x3/gl.svg]
[teamthe4.com/assets/flag-icon-css/flags/1x1/gl.svg]
[teamthe4.com/assets/flag-icon-css/flags/4x3/gm.svg]
[teamthe4.com/assets/flag-icon-css/flags/1x1/gm.svg]
[teamthe4.com/assets/flag-icon-css/flags/4x3/gn.svg]
[teamthe4.com/assets/flag-icon-css/flags/1x1/gn.svg]
[teamthe4.com/assets/flag-icon-css/flags/4x3/gp.svg]
[teamthe4.com/assets/flag-icon-css/flags/1x1/gp.svg]
[teamthe4.com/assets/flag-icon-css/flags/4x3/gq.svg]
[teamthe4.com/assets/flag-icon-css/flags/1x1/gq.svg]
[teamthe4.com/assets/flag-icon-css/flags/4x3/gr.svg]
[teamthe4.com/assets/flag-icon-css/flags/1x1/gr.svg]
[teamthe4.com/assets/flag-icon-css/flags/4x3/gs.svg]
[teamthe4.com/assets/flag-icon-css/flags/1x1/gs.svg]
[teamthe4.com/assets/flag-icon-css/flags/4x3/gt.svg]
[teamthe4.com/assets/flag-icon-css/flags/1x1/gt.svg]
[teamthe4.com/assets/flag-icon-css/flags/4x3/gu.svg]
[teamthe4.com/assets/flag-icon-css/flags/1x1/gu.svg]
[teamthe4.com/assets/flag-icon-css/flags/4x3/gw.svg]
[teamthe4.com/assets/flag-icon-css/flags/1x1/gw.svg]
[teamthe4.com/assets/flag-icon-css/flags/4x3/gy.svg]
[teamthe4.com/assets/flag-icon-css/flags/1x1/gy.svg]
[teamthe4.com/assets/flag-icon-css/flags/4x3/hk.svg]
[teamthe4.com/assets/flag-icon-css/flags/1x1/hk.svg]
[teamthe4.com/assets/flag-icon-css/flags/4x3/hm.svg]
[teamthe4.com/assets/flag-icon-css/flags/1x1/hm.svg]
[teamthe4.com/assets/flag-icon-css/flags/4x3/hn.svg]
[teamthe4.com/assets/flag-icon-css/flags/1x1/hn.svg]
[teamthe4.com/assets/flag-icon-css/flags/4x3/hr.svg]
[teamthe4.com/assets/flag-icon-css/flags/1x1/hr.svg]
[teamthe4.com/assets/flag-icon-css/flags/4x3/ht.svg]
[teamthe4.com/assets/flag-icon-css/flags/1x1/ht.svg]
[teamthe4.com/assets/flag-icon-css/flags/4x3/hu.svg]
[teamthe4.com/assets/flag-icon-css/flags/1x1/hu.svg]
[teamthe4.com/assets/flag-icon-css/flags/4x3/id.svg]
[teamthe4.com/assets/flag-icon-css/flags/1x1/id.svg]
[teamthe4.com/assets/flag-icon-css/flags/4x3/ie.svg]
[teamthe4.com/assets/flag-icon-css/flags/1x1/ie.svg]
[teamthe4.com/assets/flag-icon-css/flags/4x3/il.svg]
[teamthe4.com/assets/flag-icon-css/flags/1x1/il.svg]
[teamthe4.com/assets/flag-icon-css/flags/4x3/im.svg]
[teamthe4.com/assets/flag-icon-css/flags/1x1/im.svg]
[teamthe4.com/assets/flag-icon-css/flags/4x3/in.svg]
[teamthe4.com/assets/flag-icon-css/flags/1x1/in.svg]
[teamthe4.com/assets/flag-icon-css/flags/4x3/io.svg]
[teamthe4.com/assets/flag-icon-css/flags/1x1/io.svg]
[teamthe4.com/assets/flag-icon-css/flags/4x3/iq.svg]
[teamthe4.com/assets/flag-icon-css/flags/1x1/iq.svg]
[teamthe4.com/assets/flag-icon-css/flags/4x3/ir.svg]
[teamthe4.com/assets/flag-icon-css/flags/1x1/ir.svg]
[teamthe4.com/assets/flag-icon-css/flags/4x3/is.svg]
[teamthe4.com/assets/flag-icon-css/flags/1x1/is.svg]
[teamthe4.com/assets/flag-icon-css/flags/4x3/it.svg]
[teamthe4.com/assets/flag-icon-css/flags/1x1/it.svg]
[teamthe4.com/assets/flag-icon-css/flags/4x3/je.svg]
[teamthe4.com/assets/flag-icon-css/flags/1x1/je.svg]
[teamthe4.com/assets/flag-icon-css/flags/4x3/jm.svg]
[teamthe4.com/assets/flag-icon-css/flags/1x1/jm.svg]
[teamthe4.com/assets/flag-icon-css/flags/4x3/jo.svg]
[teamthe4.com/assets/flag-icon-css/flags/1x1/jo.svg]
[teamthe4.com/assets/flag-icon-css/flags/4x3/jp.svg]
[teamthe4.com/assets/flag-icon-css/flags/1x1/jp.svg]
[teamthe4.com/assets/flag-icon-css/flags/4x3/ke.svg]
[teamthe4.com/assets/flag-icon-css/flags/1x1/ke.svg]
[teamthe4.com/assets/flag-icon-css/flags/4x3/kg.svg]
[teamthe4.com/assets/flag-icon-css/flags/1x1/kg.svg]
[teamthe4.com/assets/flag-icon-css/flags/4x3/kh.svg]
[teamthe4.com/assets/flag-icon-css/flags/1x1/kh.svg]
[teamthe4.com/assets/flag-icon-css/flags/4x3/ki.svg]
[teamthe4.com/assets/flag-icon-css/flags/1x1/ki.svg]
[teamthe4.com/assets/flag-icon-css/flags/4x3/km.svg]
[teamthe4.com/assets/flag-icon-css/flags/1x1/km.svg]
[teamthe4.com/assets/flag-icon-css/flags/4x3/kn.svg]
[teamthe4.com/assets/flag-icon-css/flags/1x1/kn.svg]
[teamthe4.com/assets/flag-icon-css/flags/4x3/kp.svg]
[teamthe4.com/assets/flag-icon-css/flags/1x1/kp.svg]
[teamthe4.com/assets/flag-icon-css/flags/4x3/kr.svg]
[teamthe4.com/assets/flag-icon-css/flags/1x1/kr.svg]
[teamthe4.com/assets/flag-icon-css/flags/4x3/kw.svg]
[teamthe4.com/assets/flag-icon-css/flags/1x1/kw.svg]
[teamthe4.com/assets/flag-icon-css/flags/4x3/ky.svg]
[teamthe4.com/assets/flag-icon-css/flags/1x1/ky.svg]
[teamthe4.com/assets/flag-icon-css/flags/4x3/kz.svg]
[teamthe4.com/assets/flag-icon-css/flags/1x1/kz.svg]
[teamthe4.com/assets/flag-icon-css/flags/4x3/la.svg]
[teamthe4.com/assets/flag-icon-css/flags/1x1/la.svg]
[teamthe4.com/assets/flag-icon-css/flags/4x3/lb.svg]
[teamthe4.com/assets/flag-icon-css/flags/1x1/lb.svg]
[teamthe4.com/assets/flag-icon-css/flags/4x3/lc.svg]
[teamthe4.com/assets/flag-icon-css/flags/1x1/lc.svg]
[teamthe4.com/assets/flag-icon-css/flags/4x3/li.svg]
[teamthe4.com/assets/flag-icon-css/flags/1x1/li.svg]
[teamthe4.com/assets/flag-icon-css/flags/4x3/lk.svg]
[teamthe4.com/assets/flag-icon-css/flags/1x1/lk.svg]
[teamthe4.com/assets/flag-icon-css/flags/4x3/lr.svg]
[teamthe4.com/assets/flag-icon-css/flags/1x1/lr.svg]
[teamthe4.com/assets/flag-icon-css/flags/4x3/ls.svg]
[teamthe4.com/assets/flag-icon-css/flags/1x1/ls.svg]
[teamthe4.com/assets/flag-icon-css/flags/4x3/lt.svg]
[teamthe4.com/assets/flag-icon-css/flags/1x1/lt.svg]
[teamthe4.com/assets/flag-icon-css/flags/4x3/lu.svg]
[teamthe4.com/assets/flag-icon-css/flags/1x1/lu.svg]
[teamthe4.com/assets/flag-icon-css/flags/4x3/lv.svg]
[teamthe4.com/assets/flag-icon-css/flags/1x1/lv.svg]
[teamthe4.com/assets/flag-icon-css/flags/4x3/ly.svg]
[teamthe4.com/assets/flag-icon-css/flags/1x1/ly.svg]
[teamthe4.com/assets/flag-icon-css/flags/4x3/ma.svg]
[teamthe4.com/assets/flag-icon-css/flags/1x1/ma.svg]
[teamthe4.com/assets/flag-icon-css/flags/4x3/mc.svg]
[teamthe4.com/assets/flag-icon-css/flags/1x1/mc.svg]
[teamthe4.com/assets/flag-icon-css/flags/4x3/md.svg]
[teamthe4.com/assets/flag-icon-css/flags/1x1/md.svg]
[teamthe4.com/assets/flag-icon-css/flags/4x3/me.svg]
[teamthe4.com/assets/flag-icon-css/flags/1x1/me.svg]
[teamthe4.com/assets/flag-icon-css/flags/4x3/mf.svg]
[teamthe4.com/assets/flag-icon-css/flags/1x1/mf.svg]
[teamthe4.com/assets/flag-icon-css/flags/4x3/mg.svg]
[teamthe4.com/assets/flag-icon-css/flags/1x1/mg.svg]
[teamthe4.com/assets/flag-icon-css/flags/4x3/mh.svg]
[teamthe4.com/assets/flag-icon-css/flags/1x1/mh.svg]
[teamthe4.com/assets/flag-icon-css/flags/4x3/mk.svg]
[teamthe4.com/assets/flag-icon-css/flags/1x1/mk.svg]
[teamthe4.com/assets/flag-icon-css/flags/4x3/ml.svg]
[teamthe4.com/assets/flag-icon-css/flags/1x1/ml.svg]
[teamthe4.com/assets/flag-icon-css/flags/4x3/mm.svg]
[teamthe4.com/assets/flag-icon-css/flags/1x1/mm.svg]
[teamthe4.com/assets/flag-icon-css/flags/4x3/mn.svg]
[teamthe4.com/assets/flag-icon-css/flags/1x1/mn.svg]
[teamthe4.com/assets/flag-icon-css/flags/4x3/mo.svg]
[teamthe4.com/assets/flag-icon-css/flags/1x1/mo.svg]
[teamthe4.com/assets/flag-icon-css/flags/4x3/mp.svg]
[teamthe4.com/assets/flag-icon-css/flags/1x1/mp.svg]
[teamthe4.com/assets/flag-icon-css/flags/4x3/mq.svg]
[teamthe4.com/assets/flag-icon-css/flags/1x1/mq.svg]
[teamthe4.com/assets/flag-icon-css/flags/4x3/mr.svg]
[teamthe4.com/assets/flag-icon-css/flags/1x1/mr.svg]
[teamthe4.com/assets/flag-icon-css/flags/4x3/ms.svg]
[teamthe4.com/assets/flag-icon-css/flags/1x1/ms.svg]
[teamthe4.com/assets/flag-icon-css/flags/4x3/mt.svg]
[teamthe4.com/assets/flag-icon-css/flags/1x1/mt.svg]
[teamthe4.com/assets/flag-icon-css/flags/4x3/mu.svg]
[teamthe4.com/assets/flag-icon-css/flags/1x1/mu.svg]
[teamthe4.com/assets/flag-icon-css/flags/4x3/mv.svg]
[teamthe4.com/assets/flag-icon-css/flags/1x1/mv.svg]
[teamthe4.com/assets/flag-icon-css/flags/4x3/mw.svg]
[teamthe4.com/assets/flag-icon-css/flags/1x1/mw.svg]
[teamthe4.com/assets/flag-icon-css/flags/4x3/mx.svg]
[teamthe4.com/assets/flag-icon-css/flags/1x1/mx.svg]
[teamthe4.com/assets/flag-icon-css/flags/4x3/my.svg]
[teamthe4.com/assets/flag-icon-css/flags/1x1/my.svg]
[teamthe4.com/assets/flag-icon-css/flags/4x3/mz.svg]
[teamthe4.com/assets/flag-icon-css/flags/1x1/mz.svg]
[teamthe4.com/assets/flag-icon-css/flags/4x3/na.svg]
[teamthe4.com/assets/flag-icon-css/flags/1x1/na.svg]
[teamthe4.com/assets/flag-icon-css/flags/4x3/nc.svg]
[teamthe4.com/assets/flag-icon-css/flags/1x1/nc.svg]
[teamthe4.com/assets/flag-icon-css/flags/4x3/ne.svg]
[teamthe4.com/assets/flag-icon-css/flags/1x1/ne.svg]
[teamthe4.com/assets/flag-icon-css/flags/4x3/nf.svg]
[teamthe4.com/assets/flag-icon-css/flags/1x1/nf.svg]
[teamthe4.com/assets/flag-icon-css/flags/4x3/ng.svg]
[teamthe4.com/assets/flag-icon-css/flags/1x1/ng.svg]
[teamthe4.com/assets/flag-icon-css/flags/4x3/ni.svg]
[teamthe4.com/assets/flag-icon-css/flags/1x1/ni.svg]
[teamthe4.com/assets/flag-icon-css/flags/4x3/nl.svg]
[teamthe4.com/assets/flag-icon-css/flags/1x1/nl.svg]
[teamthe4.com/assets/flag-icon-css/flags/4x3/no.svg]
[teamthe4.com/assets/flag-icon-css/flags/1x1/no.svg]
[teamthe4.com/assets/flag-icon-css/flags/4x3/np.svg]
[teamthe4.com/assets/flag-icon-css/flags/1x1/np.svg]
[teamthe4.com/assets/flag-icon-css/flags/4x3/nr.svg]
[teamthe4.com/assets/flag-icon-css/flags/1x1/nr.svg]
[teamthe4.com/assets/flag-icon-css/flags/4x3/nu.svg]
[teamthe4.com/assets/flag-icon-css/flags/1x1/nu.svg]
[teamthe4.com/assets/flag-icon-css/flags/4x3/nz.svg]
[teamthe4.com/assets/flag-icon-css/flags/1x1/nz.svg]
[teamthe4.com/assets/flag-icon-css/flags/4x3/om.svg]
[teamthe4.com/assets/flag-icon-css/flags/1x1/om.svg]
[teamthe4.com/assets/flag-icon-css/flags/4x3/pa.svg]
[teamthe4.com/assets/flag-icon-css/flags/1x1/pa.svg]
[teamthe4.com/assets/flag-icon-css/flags/4x3/pe.svg]
[teamthe4.com/assets/flag-icon-css/flags/1x1/pe.svg]
[teamthe4.com/assets/flag-icon-css/flags/4x3/pf.svg]
[teamthe4.com/assets/flag-icon-css/flags/1x1/pf.svg]
[teamthe4.com/assets/flag-icon-css/flags/4x3/pg.svg]
[teamthe4.com/assets/flag-icon-css/flags/1x1/pg.svg]
[teamthe4.com/assets/flag-icon-css/flags/4x3/ph.svg]
[teamthe4.com/assets/flag-icon-css/flags/1x1/ph.svg]
[teamthe4.com/assets/flag-icon-css/flags/4x3/pk.svg]
[teamthe4.com/assets/flag-icon-css/flags/1x1/pk.svg]
[teamthe4.com/assets/flag-icon-css/flags/4x3/pl.svg]
[teamthe4.com/assets/flag-icon-css/flags/1x1/pl.svg]
[teamthe4.com/assets/flag-icon-css/flags/4x3/pm.svg]
[teamthe4.com/assets/flag-icon-css/flags/1x1/pm.svg]
[teamthe4.com/assets/flag-icon-css/flags/4x3/pn.svg]
[teamthe4.com/assets/flag-icon-css/flags/1x1/pn.svg]
[teamthe4.com/assets/flag-icon-css/flags/4x3/pr.svg]
[teamthe4.com/assets/flag-icon-css/flags/1x1/pr.svg]
[teamthe4.com/assets/flag-icon-css/flags/4x3/ps.svg]
[teamthe4.com/assets/flag-icon-css/flags/1x1/ps.svg]
[teamthe4.com/assets/flag-icon-css/flags/4x3/pt.svg]
[teamthe4.com/assets/flag-icon-css/flags/1x1/pt.svg]
[teamthe4.com/assets/flag-icon-css/flags/4x3/pw.svg]
[teamthe4.com/assets/flag-icon-css/flags/1x1/pw.svg]
[teamthe4.com/assets/flag-icon-css/flags/4x3/py.svg]
[teamthe4.com/assets/flag-icon-css/flags/1x1/py.svg]
[teamthe4.com/assets/flag-icon-css/flags/4x3/qa.svg]
[teamthe4.com/assets/flag-icon-css/flags/1x1/qa.svg]
[teamthe4.com/assets/flag-icon-css/flags/4x3/re.svg]
[teamthe4.com/assets/flag-icon-css/flags/1x1/re.svg]
[teamthe4.com/assets/flag-icon-css/flags/4x3/ro.svg]
[teamthe4.com/assets/flag-icon-css/flags/1x1/ro.svg]
[teamthe4.com/assets/flag-icon-css/flags/4x3/rs.svg]
[teamthe4.com/assets/flag-icon-css/flags/1x1/rs.svg]
[teamthe4.com/assets/flag-icon-css/flags/4x3/ru.svg]
[teamthe4.com/assets/flag-icon-css/flags/1x1/ru.svg]
[teamthe4.com/assets/flag-icon-css/flags/4x3/rw.svg]
[teamthe4.com/assets/flag-icon-css/flags/1x1/rw.svg]
[teamthe4.com/assets/flag-icon-css/flags/4x3/sa.svg]
[teamthe4.com/assets/flag-icon-css/flags/1x1/sa.svg]
[teamthe4.com/assets/flag-icon-css/flags/4x3/sb.svg]
[teamthe4.com/assets/flag-icon-css/flags/1x1/sb.svg]
[teamthe4.com/assets/flag-icon-css/flags/4x3/sc.svg]
[teamthe4.com/assets/flag-icon-css/flags/1x1/sc.svg]
[teamthe4.com/assets/flag-icon-css/flags/4x3/sd.svg]
[teamthe4.com/assets/flag-icon-css/flags/1x1/sd.svg]
[teamthe4.com/assets/flag-icon-css/flags/4x3/se.svg]
[teamthe4.com/assets/flag-icon-css/flags/1x1/se.svg]
[teamthe4.com/assets/flag-icon-css/flags/4x3/sg.svg]
[teamthe4.com/assets/flag-icon-css/flags/1x1/sg.svg]
[teamthe4.com/assets/flag-icon-css/flags/4x3/sh.svg]
[teamthe4.com/assets/flag-icon-css/flags/1x1/sh.svg]
[teamthe4.com/assets/flag-icon-css/flags/4x3/si.svg]
[teamthe4.com/assets/flag-icon-css/flags/1x1/si.svg]
[teamthe4.com/assets/flag-icon-css/flags/4x3/sj.svg]
[teamthe4.com/assets/flag-icon-css/flags/1x1/sj.svg]
[teamthe4.com/assets/flag-icon-css/flags/4x3/sk.svg]
[teamthe4.com/assets/flag-icon-css/flags/1x1/sk.svg]
[teamthe4.com/assets/flag-icon-css/flags/4x3/sl.svg]
[teamthe4.com/assets/flag-icon-css/flags/1x1/sl.svg]
[teamthe4.com/assets/flag-icon-css/flags/4x3/sm.svg]
[teamthe4.com/assets/flag-icon-css/flags/1x1/sm.svg]
[teamthe4.com/assets/flag-icon-css/flags/4x3/sn.svg]
[teamthe4.com/assets/flag-icon-css/flags/1x1/sn.svg]
[teamthe4.com/assets/flag-icon-css/flags/4x3/so.svg]
[teamthe4.com/assets/flag-icon-css/flags/1x1/so.svg]
[teamthe4.com/assets/flag-icon-css/flags/4x3/sr.svg]
[teamthe4.com/assets/flag-icon-css/flags/1x1/sr.svg]
[teamthe4.com/assets/flag-icon-css/flags/4x3/ss.svg]
[teamthe4.com/assets/flag-icon-css/flags/1x1/ss.svg]
[teamthe4.com/assets/flag-icon-css/flags/4x3/st.svg]
[teamthe4.com/assets/flag-icon-css/flags/1x1/st.svg]
[teamthe4.com/assets/flag-icon-css/flags/4x3/sv.svg]
[teamthe4.com/assets/flag-icon-css/flags/1x1/sv.svg]
[teamthe4.com/assets/flag-icon-css/flags/4x3/sx.svg]
[teamthe4.com/assets/flag-icon-css/flags/1x1/sx.svg]
[teamthe4.com/assets/flag-icon-css/flags/4x3/sy.svg]
[teamthe4.com/assets/flag-icon-css/flags/1x1/sy.svg]
[teamthe4.com/assets/flag-icon-css/flags/4x3/sz.svg]
[teamthe4.com/assets/flag-icon-css/flags/1x1/sz.svg]
[teamthe4.com/assets/flag-icon-css/flags/4x3/tc.svg]
[teamthe4.com/assets/flag-icon-css/flags/1x1/tc.svg]
[teamthe4.com/assets/flag-icon-css/flags/4x3/td.svg]
[teamthe4.com/assets/flag-icon-css/flags/1x1/td.svg]
[teamthe4.com/assets/flag-icon-css/flags/4x3/tf.svg]
[teamthe4.com/assets/flag-icon-css/flags/1x1/tf.svg]
[teamthe4.com/assets/flag-icon-css/flags/4x3/tg.svg]
[teamthe4.com/assets/flag-icon-css/flags/1x1/tg.svg]
[teamthe4.com/assets/flag-icon-css/flags/4x3/th.svg]
[teamthe4.com/assets/flag-icon-css/flags/1x1/th.svg]
[teamthe4.com/assets/flag-icon-css/flags/4x3/tj.svg]
[teamthe4.com/assets/flag-icon-css/flags/1x1/tj.svg]
[teamthe4.com/assets/flag-icon-css/flags/4x3/tk.svg]
[teamthe4.com/assets/flag-icon-css/flags/1x1/tk.svg]
[teamthe4.com/assets/flag-icon-css/flags/4x3/tl.svg]
[teamthe4.com/assets/flag-icon-css/flags/1x1/tl.svg]
[teamthe4.com/assets/flag-icon-css/flags/4x3/tm.svg]
[teamthe4.com/assets/flag-icon-css/flags/1x1/tm.svg]
[teamthe4.com/assets/flag-icon-css/flags/4x3/tn.svg]
[teamthe4.com/assets/flag-icon-css/flags/1x1/tn.svg]
[teamthe4.com/assets/flag-icon-css/flags/4x3/to.svg]
[teamthe4.com/assets/flag-icon-css/flags/1x1/to.svg]
[teamthe4.com/assets/flag-icon-css/flags/4x3/tr.svg]
[teamthe4.com/assets/flag-icon-css/flags/1x1/tr.svg]
[teamthe4.com/assets/flag-icon-css/flags/4x3/tt.svg]
[teamthe4.com/assets/flag-icon-css/flags/1x1/tt.svg]
[teamthe4.com/assets/flag-icon-css/flags/4x3/tv.svg]
[teamthe4.com/assets/flag-icon-css/flags/1x1/tv.svg]
[teamthe4.com/assets/flag-icon-css/flags/4x3/tw.svg]
[teamthe4.com/assets/flag-icon-css/flags/1x1/tw.svg]
[teamthe4.com/assets/flag-icon-css/flags/4x3/tz.svg]
[teamthe4.com/assets/flag-icon-css/flags/1x1/tz.svg]
[teamthe4.com/assets/flag-icon-css/flags/4x3/ua.svg]
[teamthe4.com/assets/flag-icon-css/flags/1x1/ua.svg]
[teamthe4.com/assets/flag-icon-css/flags/4x3/ug.svg]
[teamthe4.com/assets/flag-icon-css/flags/1x1/ug.svg]
[teamthe4.com/assets/flag-icon-css/flags/4x3/um.svg]
[teamthe4.com/assets/flag-icon-css/flags/1x1/um.svg]
[teamthe4.com/assets/flag-icon-css/flags/4x3/us.svg]
[teamthe4.com/assets/flag-icon-css/flags/1x1/us.svg]
[teamthe4.com/assets/flag-icon-css/flags/4x3/uy.svg]
[teamthe4.com/assets/flag-icon-css/flags/1x1/uy.svg]
[teamthe4.com/assets/flag-icon-css/flags/4x3/uz.svg]
[teamthe4.com/assets/flag-icon-css/flags/1x1/uz.svg]
[teamthe4.com/assets/flag-icon-css/flags/4x3/va.svg]
[teamthe4.com/assets/flag-icon-css/flags/1x1/va.svg]
[teamthe4.com/assets/flag-icon-css/flags/4x3/vc.svg]
[teamthe4.com/assets/flag-icon-css/flags/1x1/vc.svg]
[teamthe4.com/assets/flag-icon-css/flags/4x3/ve.svg]
[teamthe4.com/assets/flag-icon-css/flags/1x1/ve.svg]
[teamthe4.com/assets/flag-icon-css/flags/4x3/vg.svg]
[teamthe4.com/assets/flag-icon-css/flags/1x1/vg.svg]
[teamthe4.com/assets/flag-icon-css/flags/4x3/vi.svg]
[teamthe4.com/assets/flag-icon-css/flags/1x1/vi.svg]
[teamthe4.com/assets/flag-icon-css/flags/4x3/vn.svg]
[teamthe4.com/assets/flag-icon-css/flags/1x1/vn.svg]
[teamthe4.com/assets/flag-icon-css/flags/4x3/vu.svg]
[teamthe4.com/assets/flag-icon-css/flags/1x1/vu.svg]
[teamthe4.com/assets/flag-icon-css/flags/4x3/wf.svg]
[teamthe4.com/assets/flag-icon-css/flags/1x1/wf.svg]
[teamthe4.com/assets/flag-icon-css/flags/4x3/ws.svg]
[teamthe4.com/assets/flag-icon-css/flags/1x1/ws.svg]
[teamthe4.com/assets/flag-icon-css/flags/4x3/ye.svg]
[teamthe4.com/assets/flag-icon-css/flags/1x1/ye.svg]
[teamthe4.com/assets/flag-icon-css/flags/4x3/yt.svg]
[teamthe4.com/assets/flag-icon-css/flags/1x1/yt.svg]
[teamthe4.com/assets/flag-icon-css/flags/4x3/za.svg]
[teamthe4.com/assets/flag-icon-css/flags/1x1/za.svg]
[teamthe4.com/assets/flag-icon-css/flags/4x3/zm.svg]
[teamthe4.com/assets/flag-icon-css/flags/1x1/zm.svg]
[teamthe4.com/assets/flag-icon-css/flags/4x3/zw.svg]
[teamthe4.com/assets/flag-icon-css/flags/1x1/zw.svg]
[teamthe4.com/assets/flag-icon-css/flags/4x3/es-ct.svg]
[teamthe4.com/assets/flag-icon-css/flags/1x1/es-ct.svg]
[teamthe4.com/assets/flag-icon-css/flags/4x3/eu.svg]
[teamthe4.com/assets/flag-icon-css/flags/1x1/eu.svg]
[teamthe4.com/assets/flag-icon-css/flags/4x3/gb-eng.svg]
[teamthe4.com/assets/flag-icon-css/flags/1x1/gb-eng.svg]
[teamthe4.com/assets/flag-icon-css/flags/4x3/gb-nir.svg]
[teamthe4.com/assets/flag-icon-css/flags/1x1/gb-nir.svg]
[teamthe4.com/assets/flag-icon-css/flags/4x3/gb-sct.svg]
[teamthe4.com/assets/flag-icon-css/flags/1x1/gb-sct.svg]
[teamthe4.com/assets/flag-icon-css/flags/4x3/gb-wls.svg]
[teamthe4.com/assets/flag-icon-css/flags/1x1/gb-wls.svg]
[teamthe4.com/assets/flag-icon-css/flags/4x3/un.svg]
[teamthe4.com/assets/flag-icon-css/css/flag-icon.min.css]
[teamthe4.com/cdn-cgi/l/email-protection.html]
[teamthe4.com/assets/flag-icon-css/flags/1x1/un.svg]
[teamthe4.com/img-x/tt4-in-the-name-of-allah-fr.gif]
[teamthe4.com/about.html]
[teamthe4.com/services.html]
[teamthe4.com/assets/img/uploads/portfolio/pr-Inovation.jpg]
[teamthe4.com/assets/img/uploads/portfolio/e4764bfa4f940acb9f3a981cdb16eeea.jpg]
[teamthe4.com/assets/img/uploads/portfolio/pr-Design_Vision.jpg]
[teamthe4.com/assets/img/uploads/portfolio/pr-36.jpg]
[teamthe4.com/assets/img/uploads/portfolio/pr-37.jpg]
[teamthe4.com/assets/img/uploads/portfolio/pr-38.jpg]
[teamthe4.com/assets/img/uploads/portfolio/pr-39.jpg]
[teamthe4.com/assets/img/uploads/portfolio/pr-40.jpg]
[teamthe4.com/portfolio.html]
[teamthe4.com/assets/img/map-marker.png]
[teamthe4.com/contacts.html]
[teamthe4.com/contacts-2.html]
[teamthe4.com/img-x/1563a566c8d1a2859f9e9e834274cc4f.gif]
[teamthe4.com/img-x/mark-and-john-1549634879.gif]
[teamthe4.com/img-x/marke1.gif]
[teamthe4.com/img-x/MERSA-digital-marketing1.gif]
[teamthe4.com/img-x/1-8.gif]
[teamthe4.com/img-x/bb667bf4-3256-49fc-9f60-4d5a14ca7f63.gif]
[teamthe4.com/img-x/booklet.gif]
[teamthe4.com/img-x/seo_003.gif]
[teamthe4.com/img-x/drive2-sync-files-animation.gif]
[teamthe4.com/img-x/OpenCart_logo.png]
[teamthe4.com/img-x/prestashop.png]
[teamthe4.com/img-x/Osclass-logo.png]
[teamthe4.com/service-detailse371.html]
[teamthe4.com/img-x/android-app.gif]
[teamthe4.com/img-x/Android-welc.gif]
[teamthe4.com/img-x/giphy.gif]
[teamthe4.com/img-x/orig.gif]
[teamthe4.com/img-x/Vw1H.gif]
[teamthe4.com/img-x/UDGh.gif]
[teamthe4.com/img-x/responsive-website-1.gif]
[teamthe4.com/img-x/mobapp_technology/a.png]
[teamthe4.com/img-x/mobapp_technology/b.png]
[teamthe4.com/img-x/mobapp_technology/c.png]
[teamthe4.com/img-x/mobapp_technology/d.png]
[teamthe4.com/img-x/mobapp_technology/e.png]
[teamthe4.com/img-x/mobapp_technology/f.png]
[teamthe4.com/img-x/mobapp_technology/g.png]
[teamthe4.com/img-x/mobapp_technology/h.png]
[teamthe4.com/img-x/mobapp_technology/i.png]
[teamthe4.com/img-x/mobapp_technology/j.png]
[teamthe4.com/img-x/mobapp_technology/k.png]
[teamthe4.com/img-x/mobapp_technology/l.png]
[teamthe4.com/img-x/mobapp_technology/m.png]
[teamthe4.com/img-x/mobapp_technology/n.png]
[teamthe4.com/service-details190a.html]
[teamthe4.com/img-x/How-to-Move-Your-Website-to-a-Different-Domain-Name-696x364.png]
[teamthe4.com/service-details6258.html]
[teamthe4.com/img-x/Nuage23.png]
[teamthe4.com/img-x/crm.png]
[teamthe4.com/img-x/erp1.jpg]
[teamthe4.com/img-x/hr-management-software-side-img-300x233.png]
[teamthe4.com/img-x/retail-stock-control_pms-min.jpg]
[teamthe4.com/img-x/about-fawry-icon-ar.png]
[teamthe4.com/img-x/social-media-opt.gif]
[teamthe4.com/img-x/send-SMS-and-E-Mails.jpg]
[teamthe4.com/img-x/delivery.jpg]
[teamthe4.com/img-x/ezgif.com-resize.gif]
[teamthe4.com/img-x/oracle.png]
[teamthe4.com/img-x/mssql.png]
[teamthe4.com/img-x/1200px-MySQL.svg.png]
[teamthe4.com/img-x/SQLite370.svg.png]
[teamthe4.com/img-x/Ms_Access2.png]
[teamthe4.com/img-x/html5-games.jpg]
[teamthe4.com/img-x/indie-game-development.png]
[teamthe4.com/img-x/game-developmen.jpg]
[teamthe4.com/service-details7429.html]
[teamthe4.com/img-x/ads-mobile-applications.jpg]
[teamthe4.com/img-x/icons_all.gif]
[teamthe4.com/img-x/ads_on_mobile_applications.jpg]
[teamthe4.com/img-x/search-engines.jpg]
[teamthe4.com/img-x/Analysis-Animation.gif]
[teamthe4.com/img-x/ads-on-social-networking-sites.png]
[teamthe4.com/img-x/target-ads-on-social-networking-sites.jpg]
[teamthe4.com/img-x/create-ads-on-social-networking-sites.png]
[teamthe4.com/img-x/ads-test-on-social-networking-sites.jpg]
[teamthe4.com/img-x/develop-ads-on-social-networking-sites.jpg]
[teamthe4.com/img-x/ads-develop-on-social-networking-sites.png]
[teamthe4.com/img-x/Landing-Page-ads-develop-on-social-networking-sites.gif]
[teamthe4.com/img-x/color-original-instagram-icon.png]
[teamthe4.com/img-x/bulksms-for-small-business.png]
[teamthe4.com/service-details2728.html]
[teamthe4.com/img-x/web-management.jpg]
[teamthe4.com/img-x/translation-websites.jpg]
[teamthe4.com/img-x/translation-websites-Languages.png]
[teamthe4.com/service-detailsa9bc.html]
[teamthe4.com/img-x/Website-Backup.png]
[teamthe4.com/img-x/SiteLock-web-security.png]
[teamthe4.com/service-details2e5f.html]
[teamthe4.com/img-x/design-web-graphic.gif]
[teamthe4.com/img-x/design-graphic-web.gif]
[teamthe4.com/img-x/design-graphic.gif]
[teamthe4.com/img-x/graphic-design.gif]
[teamthe4.com/img-x/web-design-graphic.gif]
[teamthe4.com/service-detailse5cc.html]
[teamthe4.com/privacy.html]
[teamthe4.com/assets/fonts/glyphicons-halflings-regular.svg]
[teamthe4.com/assets/font-awesome/fonts/fontawesome-webfonte0a5.svg]
[teamthe4.com/assets/font-awesome/webfonts/fa-brands-400.svg]
[teamthe4.com/assets/fonts/GE_Dinar_Two_Medium/GE_Dinar_Two_Medium.svg]
[teamthe4.com/assets/img/loading.svg]
[teamthe4.com/assets/flag-icon-css/flags/4x3/ad.svg]
[teamthe4.com/assets/flag-icon-css/flags/1x1/ad.svg]
[teamthe4.com/assets/flag-icon-css/flags/4x3/ae.svg]
[teamthe4.com/assets/flag-icon-css/flags/1x1/ae.svg]
[teamthe4.com/assets/flag-icon-css/flags/4x3/af.svg]
[teamthe4.com/assets/flag-icon-css/flags/1x1/af.svg]
[teamthe4.com/assets/flag-icon-css/flags/4x3/ag.svg]
[teamthe4.com/assets/flag-icon-css/flags/1x1/ag.svg]
[teamthe4.com/assets/flag-icon-css/flags/4x3/ai.svg]
[teamthe4.com/assets/flag-icon-css/flags/1x1/ai.svg]
[teamthe4.com/assets/flag-icon-css/flags/4x3/al.svg]
[teamthe4.com/assets/flag-icon-css/flags/1x1/al.svg]
[teamthe4.com/assets/flag-icon-css/flags/4x3/am.svg]
[teamthe4.com/assets/flag-icon-css/flags/1x1/am.svg]
[teamthe4.com/assets/flag-icon-css/flags/4x3/ao.svg]
[teamthe4.com/assets/flag-icon-css/flags/1x1/ao.svg]
[teamthe4.com/assets/flag-icon-css/flags/4x3/aq.svg]
[teamthe4.com/assets/flag-icon-css/flags/1x1/aq.svg]
[teamthe4.com/assets/flag-icon-css/flags/4x3/ar.svg]
[teamthe4.com/assets/flag-icon-css/flags/1x1/ar.svg]
[teamthe4.com/assets/flag-icon-css/flags/4x3/as.svg]
[teamthe4.com/assets/flag-icon-css/flags/1x1/as.svg]
[teamthe4.com/assets/flag-icon-css/flags/4x3/at.svg]
[teamthe4.com/assets/flag-icon-css/flags/1x1/at.svg]
[teamthe4.com/assets/flag-icon-css/flags/4x3/au.svg]
[teamthe4.com/assets/flag-icon-css/flags/1x1/au.svg]
[teamthe4.com/assets/flag-icon-css/flags/4x3/aw.svg]
[teamthe4.com/assets/flag-icon-css/flags/1x1/aw.svg]
[teamthe4.com/assets/flag-icon-css/flags/4x3/ax.svg]
[teamthe4.com/assets/flag-icon-css/flags/1x1/ax.svg]
[teamthe4.com/assets/flag-icon-css/flags/4x3/az.svg]
[teamthe4.com/assets/flag-icon-css/flags/1x1/az.svg]
[teamthe4.com/assets/flag-icon-css/flags/4x3/ba.svg]
[teamthe4.com/assets/flag-icon-css/flags/1x1/ba.svg]
[teamthe4.com/assets/flag-icon-css/flags/4x3/bb.svg]
[teamthe4.com/assets/flag-icon-css/flags/1x1/bb.svg]
[teamthe4.com/assets/flag-icon-css/flags/4x3/bd.svg]
[teamthe4.com/assets/flag-icon-css/flags/1x1/bd.svg]
[teamthe4.com/assets/flag-icon-css/flags/4x3/be.svg]
[teamthe4.com/assets/flag-icon-css/flags/1x1/be.svg]
[teamthe4.com/assets/flag-icon-css/flags/4x3/bf.svg]
[teamthe4.com/assets/flag-icon-css/flags/1x1/bf.svg]
[teamthe4.com/assets/flag-icon-css/flags/4x3/bg.svg]
[teamthe4.com/assets/flag-icon-css/flags/1x1/bg.svg]
[teamthe4.com/assets/flag-icon-css/flags/4x3/bh.svg]
[teamthe4.com/assets/flag-icon-css/flags/1x1/bh.svg]
[teamthe4.com/assets/flag-icon-css/flags/4x3/bi.svg]
[teamthe4.com/assets/flag-icon-css/flags/1x1/bi.svg]
[teamthe4.com/assets/flag-icon-css/flags/4x3/bj.svg]
[teamthe4.com/assets/flag-icon-css/flags/1x1/bj.svg]
[teamthe4.com/assets/flag-icon-css/flags/4x3/bl.svg]
[teamthe4.com/assets/flag-icon-css/flags/1x1/bl.svg]
[teamthe4.com/assets/flag-icon-css/flags/4x3/bm.svg]
[teamthe4.com/assets/flag-icon-css/flags/1x1/bm.svg]
[teamthe4.com/assets/flag-icon-css/flags/4x3/bn.svg]
[teamthe4.com/assets/flag-icon-css/flags/1x1/bn.svg]
[teamthe4.com/assets/flag-icon-css/flags/4x3/bo.svg]
[teamthe4.com/assets/flag-icon-css/flags/1x1/bo.svg]
[teamthe4.com/assets/flag-icon-css/flags/4x3/bq.svg]
[teamthe4.com/assets/flag-icon-css/flags/1x1/bq.svg]
[teamthe4.com/assets/flag-icon-css/flags/4x3/br.svg]
[teamthe4.com/assets/flag-icon-css/flags/1x1/br.svg]
[teamthe4.com/assets/flag-icon-css/flags/4x3/bs.svg]
[teamthe4.com/assets/flag-icon-css/flags/1x1/bs.svg]
[teamthe4.com/assets/flag-icon-css/flags/4x3/bt.svg]
[teamthe4.com/assets/flag-icon-css/flags/1x1/bt.svg]
[teamthe4.com/assets/flag-icon-css/flags/4x3/bv.svg]
[teamthe4.com/assets/flag-icon-css/flags/1x1/bv.svg]
[teamthe4.com/assets/flag-icon-css/flags/4x3/bw.svg]
[teamthe4.com/assets/flag-icon-css/flags/1x1/bw.svg]
[teamthe4.com/assets/flag-icon-css/flags/4x3/by.svg]
[teamthe4.com/assets/flag-icon-css/flags/1x1/by.svg]
[teamthe4.com/assets/flag-icon-css/flags/4x3/bz.svg]
[teamthe4.com/assets/flag-icon-css/flags/1x1/bz.svg]
[teamthe4.com/assets/flag-icon-css/flags/4x3/ca.svg]
[teamthe4.com/assets/flag-icon-css/flags/1x1/ca.svg]
[teamthe4.com/assets/flag-icon-css/flags/4x3/cc.svg]
[teamthe4.com/assets/flag-icon-css/flags/1x1/cc.svg]
[teamthe4.com/assets/flag-icon-css/flags/4x3/cd.svg]
[teamthe4.com/assets/flag-icon-css/flags/1x1/cd.svg]
[teamthe4.com/assets/flag-icon-css/flags/4x3/cf.svg]
[teamthe4.com/assets/flag-icon-css/flags/1x1/cf.svg]
[teamthe4.com/assets/flag-icon-css/flags/4x3/cg.svg]
[teamthe4.com/assets/flag-icon-css/flags/1x1/cg.svg]
[teamthe4.com/assets/flag-icon-css/flags/4x3/ch.svg]
[teamthe4.com/assets/flag-icon-css/flags/1x1/ch.svg]
[teamthe4.com/assets/flag-icon-css/flags/4x3/ci.svg]
[teamthe4.com/assets/flag-icon-css/flags/1x1/ci.svg]
[teamthe4.com/assets/flag-icon-css/flags/4x3/ck.svg]
[teamthe4.com/assets/flag-icon-css/flags/1x1/ck.svg]
[teamthe4.com/assets/flag-icon-css/flags/4x3/cl.svg]
[teamthe4.com/assets/flag-icon-css/flags/1x1/cl.svg]
[teamthe4.com/assets/flag-icon-css/flags/4x3/cm.svg]
[teamthe4.com/assets/flag-icon-css/flags/1x1/cm.svg]
[teamthe4.com/assets/flag-icon-css/flags/4x3/cn.svg]
[teamthe4.com/assets/flag-icon-css/flags/1x1/cn.svg]
[teamthe4.com/assets/flag-icon-css/flags/4x3/co.svg]
[teamthe4.com/assets/flag-icon-css/flags/1x1/co.svg]
[teamthe4.com/assets/flag-icon-css/flags/4x3/cr.svg]
[teamthe4.com/assets/flag-icon-css/flags/1x1/cr.svg]
[teamthe4.com/assets/flag-icon-css/flags/4x3/cu.svg]
[teamthe4.com/assets/flag-icon-css/flags/1x1/cu.svg]
[teamthe4.com/assets/flag-icon-css/flags/4x3/cv.svg]
[teamthe4.com/assets/flag-icon-css/flags/1x1/cv.svg]
[teamthe4.com/assets/flag-icon-css/flags/4x3/cw.svg]
[teamthe4.com/assets/flag-icon-css/flags/1x1/cw.svg]
[teamthe4.com/assets/flag-icon-css/flags/4x3/cx.svg]
[teamthe4.com/assets/flag-icon-css/flags/1x1/cx.svg]
[teamthe4.com/assets/flag-icon-css/flags/4x3/cy.svg]
[teamthe4.com/assets/flag-icon-css/flags/1x1/cy.svg]
[teamthe4.com/assets/flag-icon-css/flags/4x3/cz.svg]
[teamthe4.com/assets/flag-icon-css/flags/1x1/cz.svg]
[teamthe4.com/assets/flag-icon-css/flags/4x3/de.svg]
[teamthe4.com/assets/flag-icon-css/flags/1x1/de.svg]
[teamthe4.com/assets/flag-icon-css/flags/4x3/dj.svg]
[teamthe4.com/assets/flag-icon-css/flags/1x1/dj.svg]
[teamthe4.com/assets/flag-icon-css/flags/4x3/dk.svg]
[teamthe4.com/assets/flag-icon-css/flags/1x1/dk.svg]
[teamthe4.com/assets/flag-icon-css/flags/4x3/dm.svg]
[teamthe4.com/assets/flag-icon-css/flags/1x1/dm.svg]
[teamthe4.com/assets/flag-icon-css/flags/4x3/do.svg]
[teamthe4.com/assets/flag-icon-css/flags/1x1/do.svg]
[teamthe4.com/assets/flag-icon-css/flags/4x3/dz.svg]
[teamthe4.com/assets/flag-icon-css/flags/1x1/dz.svg]
[teamthe4.com/assets/flag-icon-css/flags/4x3/ec.svg]
[teamthe4.com/assets/flag-icon-css/flags/1x1/ec.svg]
[teamthe4.com/assets/flag-icon-css/flags/4x3/ee.svg]
[teamthe4.com/assets/flag-icon-css/flags/1x1/ee.svg]
[teamthe4.com/assets/flag-icon-css/flags/4x3/eg.svg]
[teamthe4.com/assets/flag-icon-css/flags/1x1/eg.svg]
[teamthe4.com/assets/flag-icon-css/flags/4x3/eh.svg]
[teamthe4.com/assets/flag-icon-css/flags/1x1/eh.svg]
[teamthe4.com/assets/flag-icon-css/flags/4x3/er.svg]
[teamthe4.com/assets/flag-icon-css/flags/1x1/er.svg]
[teamthe4.com/assets/flag-icon-css/flags/4x3/es.svg]
[teamthe4.com/assets/flag-icon-css/flags/1x1/es.svg]
[teamthe4.com/assets/flag-icon-css/flags/4x3/et.svg]
[teamthe4.com/assets/flag-icon-css/flags/1x1/et.svg]
[teamthe4.com/assets/flag-icon-css/flags/4x3/fi.svg]
[teamthe4.com/assets/flag-icon-css/flags/1x1/fi.svg]
[teamthe4.com/assets/flag-icon-css/flags/4x3/fj.svg]
[teamthe4.com/assets/flag-icon-css/flags/1x1/fj.svg]
[teamthe4.com/assets/flag-icon-css/flags/4x3/fk.svg]
[teamthe4.com/assets/flag-icon-css/flags/1x1/fk.svg]
[teamthe4.com/assets/flag-icon-css/flags/4x3/fm.svg]
[teamthe4.com/assets/flag-icon-css/flags/1x1/fm.svg]
[teamthe4.com/assets/flag-icon-css/flags/4x3/fo.svg]
[teamthe4.com/assets/flag-icon-css/flags/1x1/fo.svg]
[teamthe4.com/assets/flag-icon-css/flags/4x3/fr.svg]
[teamthe4.com/assets/flag-icon-css/flags/1x1/fr.svg]
[teamthe4.com/assets/flag-icon-css/flags/4x3/ga.svg]
[teamthe4.com/assets/flag-icon-css/flags/1x1/ga.svg]
[teamthe4.com/assets/flag-icon-css/flags/4x3/gb.svg]
[teamthe4.com/assets/flag-icon-css/flags/1x1/gb.svg]
[teamthe4.com/assets/flag-icon-css/flags/4x3/gd.svg]
[teamthe4.com/assets/flag-icon-css/flags/1x1/gd.svg]
[teamthe4.com/assets/flag-icon-css/flags/4x3/ge.svg]
[teamthe4.com/assets/flag-icon-css/flags/1x1/ge.svg]
[teamthe4.com/assets/flag-icon-css/flags/4x3/gf.svg]
[teamthe4.com/assets/flag-icon-css/flags/1x1/gf.svg]
[teamthe4.com/assets/flag-icon-css/flags/4x3/gg.svg]
[teamthe4.com/assets/flag-icon-css/flags/1x1/gg.svg]
[teamthe4.com/assets/flag-icon-css/flags/4x3/gh.svg]
[teamthe4.com/assets/flag-icon-css/flags/1x1/gh.svg]
[teamthe4.com/assets/flag-icon-css/flags/4x3/gi.svg]
[teamthe4.com/assets/flag-icon-css/flags/1x1/gi.svg]
[teamthe4.com/assets/flag-icon-css/flags/4x3/gl.svg]
[teamthe4.com/assets/flag-icon-css/flags/1x1/gl.svg]
[teamthe4.com/assets/flag-icon-css/flags/4x3/gm.svg]
[teamthe4.com/assets/flag-icon-css/flags/1x1/gm.svg]
[teamthe4.com/assets/flag-icon-css/flags/4x3/gn.svg]
[teamthe4.com/assets/flag-icon-css/flags/1x1/gn.svg]
[teamthe4.com/assets/flag-icon-css/flags/4x3/gp.svg]
[teamthe4.com/assets/flag-icon-css/flags/1x1/gp.svg]
[teamthe4.com/assets/flag-icon-css/flags/4x3/gq.svg]
[teamthe4.com/assets/flag-icon-css/flags/1x1/gq.svg]
[teamthe4.com/assets/flag-icon-css/flags/4x3/gr.svg]
[teamthe4.com/assets/flag-icon-css/flags/1x1/gr.svg]
[teamthe4.com/assets/flag-icon-css/flags/4x3/gs.svg]
[teamthe4.com/assets/flag-icon-css/flags/1x1/gs.svg]
[teamthe4.com/assets/flag-icon-css/flags/4x3/gt.svg]
[teamthe4.com/assets/flag-icon-css/flags/1x1/gt.svg]
[teamthe4.com/assets/flag-icon-css/flags/4x3/gu.svg]
[teamthe4.com/assets/flag-icon-css/flags/1x1/gu.svg]
[teamthe4.com/assets/flag-icon-css/flags/4x3/gw.svg]
[teamthe4.com/assets/flag-icon-css/flags/1x1/gw.svg]
[teamthe4.com/assets/flag-icon-css/flags/4x3/gy.svg]
[teamthe4.com/assets/flag-icon-css/flags/1x1/gy.svg]
[teamthe4.com/assets/flag-icon-css/flags/4x3/hk.svg]
[teamthe4.com/assets/flag-icon-css/flags/1x1/hk.svg]
[teamthe4.com/assets/flag-icon-css/flags/4x3/hm.svg]
[teamthe4.com/assets/flag-icon-css/flags/1x1/hm.svg]
[teamthe4.com/assets/flag-icon-css/flags/4x3/hn.svg]
[teamthe4.com/assets/flag-icon-css/flags/1x1/hn.svg]
[teamthe4.com/assets/flag-icon-css/flags/4x3/hr.svg]
[teamthe4.com/assets/flag-icon-css/flags/1x1/hr.svg]
[teamthe4.com/assets/flag-icon-css/flags/4x3/ht.svg]
[teamthe4.com/assets/flag-icon-css/flags/1x1/ht.svg]
[teamthe4.com/assets/flag-icon-css/flags/4x3/hu.svg]
[teamthe4.com/assets/flag-icon-css/flags/1x1/hu.svg]
[teamthe4.com/assets/flag-icon-css/flags/4x3/id.svg]
[teamthe4.com/assets/flag-icon-css/flags/1x1/id.svg]
[teamthe4.com/assets/flag-icon-css/flags/4x3/ie.svg]
[teamthe4.com/assets/flag-icon-css/flags/1x1/ie.svg]
[teamthe4.com/assets/flag-icon-css/flags/4x3/il.svg]
[teamthe4.com/assets/flag-icon-css/flags/1x1/il.svg]
[teamthe4.com/assets/flag-icon-css/flags/4x3/im.svg]
[teamthe4.com/assets/flag-icon-css/flags/1x1/im.svg]
[teamthe4.com/assets/flag-icon-css/flags/4x3/in.svg]
[teamthe4.com/assets/flag-icon-css/flags/1x1/in.svg]
[teamthe4.com/assets/flag-icon-css/flags/4x3/io.svg]
[teamthe4.com/assets/flag-icon-css/flags/1x1/io.svg]
[teamthe4.com/assets/flag-icon-css/flags/4x3/iq.svg]
[teamthe4.com/assets/flag-icon-css/flags/1x1/iq.svg]
[teamthe4.com/assets/flag-icon-css/flags/4x3/ir.svg]
[teamthe4.com/assets/flag-icon-css/flags/1x1/ir.svg]
[teamthe4.com/assets/flag-icon-css/flags/4x3/is.svg]
[teamthe4.com/assets/flag-icon-css/flags/1x1/is.svg]
[teamthe4.com/assets/flag-icon-css/flags/4x3/it.svg]
[teamthe4.com/assets/flag-icon-css/flags/1x1/it.svg]
[teamthe4.com/assets/flag-icon-css/flags/4x3/je.svg]
[teamthe4.com/assets/flag-icon-css/flags/1x1/je.svg]
[teamthe4.com/assets/flag-icon-css/flags/4x3/jm.svg]
[teamthe4.com/assets/flag-icon-css/flags/1x1/jm.svg]
[teamthe4.com/assets/flag-icon-css/flags/4x3/jo.svg]
[teamthe4.com/assets/flag-icon-css/flags/1x1/jo.svg]
[teamthe4.com/assets/flag-icon-css/flags/4x3/jp.svg]
[teamthe4.com/assets/flag-icon-css/flags/1x1/jp.svg]
[teamthe4.com/assets/flag-icon-css/flags/4x3/ke.svg]
[teamthe4.com/assets/flag-icon-css/flags/1x1/ke.svg]
[teamthe4.com/assets/flag-icon-css/flags/4x3/kg.svg]
[teamthe4.com/assets/flag-icon-css/flags/1x1/kg.svg]
[teamthe4.com/assets/flag-icon-css/flags/4x3/kh.svg]
[teamthe4.com/assets/flag-icon-css/flags/1x1/kh.svg]
[teamthe4.com/assets/flag-icon-css/flags/4x3/ki.svg]
[teamthe4.com/assets/flag-icon-css/flags/1x1/ki.svg]
[teamthe4.com/assets/flag-icon-css/flags/4x3/km.svg]
[teamthe4.com/assets/flag-icon-css/flags/1x1/km.svg]
[teamthe4.com/assets/flag-icon-css/flags/4x3/kn.svg]
[teamthe4.com/assets/flag-icon-css/flags/1x1/kn.svg]
[teamthe4.com/assets/flag-icon-css/flags/4x3/kp.svg]
[teamthe4.com/assets/flag-icon-css/flags/1x1/kp.svg]
[teamthe4.com/assets/flag-icon-css/flags/4x3/kr.svg]
[teamthe4.com/assets/flag-icon-css/flags/1x1/kr.svg]
[teamthe4.com/assets/flag-icon-css/flags/4x3/kw.svg]
[teamthe4.com/assets/flag-icon-css/flags/1x1/kw.svg]
[teamthe4.com/assets/flag-icon-css/flags/4x3/ky.svg]
[teamthe4.com/assets/flag-icon-css/flags/1x1/ky.svg]
[teamthe4.com/assets/flag-icon-css/flags/4x3/kz.svg]
[teamthe4.com/assets/flag-icon-css/flags/1x1/kz.svg]
[teamthe4.com/assets/flag-icon-css/flags/4x3/la.svg]
[teamthe4.com/assets/flag-icon-css/flags/1x1/la.svg]
[teamthe4.com/assets/flag-icon-css/flags/4x3/lb.svg]
[teamthe4.com/assets/flag-icon-css/flags/1x1/lb.svg]
[teamthe4.com/assets/flag-icon-css/flags/4x3/lc.svg]
[teamthe4.com/assets/flag-icon-css/flags/1x1/lc.svg]
[teamthe4.com/assets/flag-icon-css/flags/4x3/li.svg]
[teamthe4.com/assets/flag-icon-css/flags/1x1/li.svg]
[teamthe4.com/assets/flag-icon-css/flags/4x3/lk.svg]
[teamthe4.com/assets/flag-icon-css/flags/1x1/lk.svg]
[teamthe4.com/assets/flag-icon-css/flags/4x3/lr.svg]
[teamthe4.com/assets/flag-icon-css/flags/1x1/lr.svg]
[teamthe4.com/assets/flag-icon-css/flags/4x3/ls.svg]
[teamthe4.com/assets/flag-icon-css/flags/1x1/ls.svg]
[teamthe4.com/assets/flag-icon-css/flags/4x3/lt.svg]
[teamthe4.com/assets/flag-icon-css/flags/1x1/lt.svg]
[teamthe4.com/assets/flag-icon-css/flags/4x3/lu.svg]
[teamthe4.com/assets/flag-icon-css/flags/1x1/lu.svg]
[teamthe4.com/assets/flag-icon-css/flags/4x3/lv.svg]
[teamthe4.com/assets/flag-icon-css/flags/1x1/lv.svg]
[teamthe4.com/assets/flag-icon-css/flags/4x3/ly.svg]
[teamthe4.com/assets/flag-icon-css/flags/1x1/ly.svg]
[teamthe4.com/assets/flag-icon-css/flags/4x3/ma.svg]
[teamthe4.com/assets/flag-icon-css/flags/1x1/ma.svg]
[teamthe4.com/assets/flag-icon-css/flags/4x3/mc.svg]
[teamthe4.com/assets/flag-icon-css/flags/1x1/mc.svg]
[teamthe4.com/assets/flag-icon-css/flags/4x3/md.svg]
[teamthe4.com/assets/flag-icon-css/flags/1x1/md.svg]
[teamthe4.com/assets/flag-icon-css/flags/4x3/me.svg]
[teamthe4.com/assets/flag-icon-css/flags/1x1/me.svg]
[teamthe4.com/assets/flag-icon-css/flags/4x3/mf.svg]
[teamthe4.com/assets/flag-icon-css/flags/1x1/mf.svg]
[teamthe4.com/assets/flag-icon-css/flags/4x3/mg.svg]
[teamthe4.com/assets/flag-icon-css/flags/1x1/mg.svg]
[teamthe4.com/assets/flag-icon-css/flags/4x3/mh.svg]
[teamthe4.com/assets/flag-icon-css/flags/1x1/mh.svg]
[teamthe4.com/assets/flag-icon-css/flags/4x3/mk.svg]
[teamthe4.com/assets/flag-icon-css/flags/1x1/mk.svg]
[teamthe4.com/assets/flag-icon-css/flags/4x3/ml.svg]
[teamthe4.com/assets/flag-icon-css/flags/1x1/ml.svg]
[teamthe4.com/assets/flag-icon-css/flags/4x3/mm.svg]
[teamthe4.com/assets/flag-icon-css/flags/1x1/mm.svg]
[teamthe4.com/assets/flag-icon-css/flags/4x3/mn.svg]
[teamthe4.com/assets/flag-icon-css/flags/1x1/mn.svg]
[teamthe4.com/assets/flag-icon-css/flags/4x3/mo.svg]
[teamthe4.com/assets/flag-icon-css/flags/1x1/mo.svg]
[teamthe4.com/assets/flag-icon-css/flags/4x3/mp.svg]
[teamthe4.com/assets/flag-icon-css/flags/1x1/mp.svg]
[teamthe4.com/assets/flag-icon-css/flags/4x3/mq.svg]
[teamthe4.com/assets/flag-icon-css/flags/1x1/mq.svg]
[teamthe4.com/assets/flag-icon-css/flags/4x3/mr.svg]
[teamthe4.com/assets/flag-icon-css/flags/1x1/mr.svg]
[teamthe4.com/assets/flag-icon-css/flags/4x3/ms.svg]
[teamthe4.com/assets/flag-icon-css/flags/1x1/ms.svg]
[teamthe4.com/assets/flag-icon-css/flags/4x3/mt.svg]
[teamthe4.com/assets/flag-icon-css/flags/1x1/mt.svg]
[teamthe4.com/assets/flag-icon-css/flags/4x3/mu.svg]
[teamthe4.com/assets/flag-icon-css/flags/1x1/mu.svg]
[teamthe4.com/assets/flag-icon-css/flags/4x3/mv.svg]
[teamthe4.com/assets/flag-icon-css/flags/1x1/mv.svg]
[teamthe4.com/assets/flag-icon-css/flags/4x3/mw.svg]
[teamthe4.com/assets/flag-icon-css/flags/1x1/mw.svg]
[teamthe4.com/assets/flag-icon-css/flags/4x3/mx.svg]
[teamthe4.com/assets/flag-icon-css/flags/1x1/mx.svg]
[teamthe4.com/assets/flag-icon-css/flags/4x3/my.svg]
[teamthe4.com/assets/flag-icon-css/flags/1x1/my.svg]
[teamthe4.com/assets/flag-icon-css/flags/4x3/mz.svg]
[teamthe4.com/assets/flag-icon-css/flags/1x1/mz.svg]
[teamthe4.com/assets/flag-icon-css/flags/4x3/na.svg]
[teamthe4.com/assets/flag-icon-css/flags/1x1/na.svg]
[teamthe4.com/assets/flag-icon-css/flags/4x3/nc.svg]
[teamthe4.com/assets/flag-icon-css/flags/1x1/nc.svg]
[teamthe4.com/assets/flag-icon-css/flags/4x3/ne.svg]
[teamthe4.com/assets/flag-icon-css/flags/1x1/ne.svg]
[teamthe4.com/assets/flag-icon-css/flags/4x3/nf.svg]
[teamthe4.com/assets/flag-icon-css/flags/1x1/nf.svg]
[teamthe4.com/assets/flag-icon-css/flags/4x3/ng.svg]
[teamthe4.com/assets/flag-icon-css/flags/1x1/ng.svg]
[teamthe4.com/assets/flag-icon-css/flags/4x3/ni.svg]
[teamthe4.com/assets/flag-icon-css/flags/1x1/ni.svg]
[teamthe4.com/assets/flag-icon-css/flags/4x3/nl.svg]
[teamthe4.com/assets/flag-icon-css/flags/1x1/nl.svg]
[teamthe4.com/assets/flag-icon-css/flags/4x3/no.svg]
[teamthe4.com/assets/flag-icon-css/flags/1x1/no.svg]
[teamthe4.com/assets/flag-icon-css/flags/4x3/np.svg]
[teamthe4.com/assets/flag-icon-css/flags/1x1/np.svg]
[teamthe4.com/assets/flag-icon-css/flags/4x3/nr.svg]
[teamthe4.com/assets/flag-icon-css/flags/1x1/nr.svg]
[teamthe4.com/assets/flag-icon-css/flags/4x3/nu.svg]
[teamthe4.com/assets/flag-icon-css/flags/1x1/nu.svg]
[teamthe4.com/assets/flag-icon-css/flags/4x3/nz.svg]
[teamthe4.com/assets/flag-icon-css/flags/1x1/nz.svg]
[teamthe4.com/assets/flag-icon-css/flags/4x3/om.svg]
[teamthe4.com/assets/flag-icon-css/flags/1x1/om.svg]
[teamthe4.com/assets/flag-icon-css/flags/4x3/pa.svg]
[teamthe4.com/assets/flag-icon-css/flags/1x1/pa.svg]
[teamthe4.com/assets/flag-icon-css/flags/4x3/pe.svg]
[teamthe4.com/assets/flag-icon-css/flags/1x1/pe.svg]
[teamthe4.com/assets/flag-icon-css/flags/4x3/pf.svg]
[teamthe4.com/assets/flag-icon-css/flags/1x1/pf.svg]
[teamthe4.com/assets/flag-icon-css/flags/4x3/pg.svg]
[teamthe4.com/assets/flag-icon-css/flags/1x1/pg.svg]
[teamthe4.com/assets/flag-icon-css/flags/4x3/ph.svg]
[teamthe4.com/assets/flag-icon-css/flags/1x1/ph.svg]
[teamthe4.com/assets/flag-icon-css/flags/4x3/pk.svg]
[teamthe4.com/assets/flag-icon-css/flags/1x1/pk.svg]
[teamthe4.com/assets/flag-icon-css/flags/4x3/pl.svg]
[teamthe4.com/assets/flag-icon-css/flags/1x1/pl.svg]
[teamthe4.com/assets/flag-icon-css/flags/4x3/pm.svg]
[teamthe4.com/assets/flag-icon-css/flags/1x1/pm.svg]
[teamthe4.com/assets/flag-icon-css/flags/4x3/pn.svg]
[teamthe4.com/assets/flag-icon-css/flags/1x1/pn.svg]
[teamthe4.com/assets/flag-icon-css/flags/4x3/pr.svg]
[teamthe4.com/assets/flag-icon-css/flags/1x1/pr.svg]
[teamthe4.com/assets/flag-icon-css/flags/4x3/ps.svg]
[teamthe4.com/assets/flag-icon-css/flags/1x1/ps.svg]
[teamthe4.com/assets/flag-icon-css/flags/4x3/pt.svg]
[teamthe4.com/assets/flag-icon-css/flags/1x1/pt.svg]
[teamthe4.com/assets/flag-icon-css/flags/4x3/pw.svg]
[teamthe4.com/assets/flag-icon-css/flags/1x1/pw.svg]
[teamthe4.com/assets/flag-icon-css/flags/4x3/py.svg]
[teamthe4.com/assets/flag-icon-css/flags/1x1/py.svg]
[teamthe4.com/assets/flag-icon-css/flags/4x3/qa.svg]
[teamthe4.com/assets/flag-icon-css/flags/1x1/qa.svg]
[teamthe4.com/assets/flag-icon-css/flags/4x3/re.svg]
[teamthe4.com/assets/flag-icon-css/flags/1x1/re.svg]
[teamthe4.com/assets/flag-icon-css/flags/4x3/ro.svg]
[teamthe4.com/assets/flag-icon-css/flags/1x1/ro.svg]
[teamthe4.com/assets/flag-icon-css/flags/4x3/rs.svg]
[teamthe4.com/assets/flag-icon-css/flags/1x1/rs.svg]
[teamthe4.com/assets/flag-icon-css/flags/4x3/ru.svg]
[teamthe4.com/assets/flag-icon-css/flags/1x1/ru.svg]
[teamthe4.com/assets/flag-icon-css/flags/4x3/rw.svg]
[teamthe4.com/assets/flag-icon-css/flags/1x1/rw.svg]
[teamthe4.com/assets/flag-icon-css/flags/4x3/sa.svg]
[teamthe4.com/assets/flag-icon-css/flags/1x1/sa.svg]
[teamthe4.com/assets/flag-icon-css/flags/4x3/sb.svg]
[teamthe4.com/assets/flag-icon-css/flags/1x1/sb.svg]
[teamthe4.com/assets/flag-icon-css/flags/4x3/sc.svg]
[teamthe4.com/assets/flag-icon-css/flags/1x1/sc.svg]
[teamthe4.com/assets/flag-icon-css/flags/4x3/sd.svg]
[teamthe4.com/assets/flag-icon-css/flags/1x1/sd.svg]
[teamthe4.com/assets/flag-icon-css/flags/4x3/se.svg]
[teamthe4.com/assets/flag-icon-css/flags/1x1/se.svg]
[teamthe4.com/assets/flag-icon-css/flags/4x3/sg.svg]
[teamthe4.com/assets/flag-icon-css/flags/1x1/sg.svg]
[teamthe4.com/assets/flag-icon-css/flags/4x3/sh.svg]
[teamthe4.com/assets/flag-icon-css/flags/1x1/sh.svg]
[teamthe4.com/assets/flag-icon-css/flags/4x3/si.svg]
[teamthe4.com/assets/flag-icon-css/flags/1x1/si.svg]
[teamthe4.com/assets/flag-icon-css/flags/4x3/sj.svg]
[teamthe4.com/assets/flag-icon-css/flags/1x1/sj.svg]
[teamthe4.com/assets/flag-icon-css/flags/4x3/sk.svg]
[teamthe4.com/assets/flag-icon-css/flags/1x1/sk.svg]
[teamthe4.com/assets/flag-icon-css/flags/4x3/sl.svg]
[teamthe4.com/assets/flag-icon-css/flags/1x1/sl.svg]
[teamthe4.com/assets/flag-icon-css/flags/4x3/sm.svg]
[teamthe4.com/assets/flag-icon-css/flags/1x1/sm.svg]
[teamthe4.com/assets/flag-icon-css/flags/4x3/sn.svg]
[teamthe4.com/assets/flag-icon-css/flags/1x1/sn.svg]
[teamthe4.com/assets/flag-icon-css/flags/4x3/so.svg]
[teamthe4.com/assets/flag-icon-css/flags/1x1/so.svg]
[teamthe4.com/assets/flag-icon-css/flags/4x3/sr.svg]
[teamthe4.com/assets/flag-icon-css/flags/1x1/sr.svg]
[teamthe4.com/assets/flag-icon-css/flags/4x3/ss.svg]
[teamthe4.com/assets/flag-icon-css/flags/1x1/ss.svg]
[teamthe4.com/assets/flag-icon-css/flags/4x3/st.svg]
[teamthe4.com/assets/flag-icon-css/flags/1x1/st.svg]
[teamthe4.com/assets/flag-icon-css/flags/4x3/sv.svg]
[teamthe4.com/assets/flag-icon-css/flags/1x1/sv.svg]
[teamthe4.com/assets/flag-icon-css/flags/4x3/sx.svg]
[teamthe4.com/assets/flag-icon-css/flags/1x1/sx.svg]
[teamthe4.com/assets/flag-icon-css/flags/4x3/sy.svg]
[teamthe4.com/assets/flag-icon-css/flags/1x1/sy.svg]
[teamthe4.com/assets/flag-icon-css/flags/4x3/sz.svg]
[teamthe4.com/assets/flag-icon-css/flags/1x1/sz.svg]
[teamthe4.com/assets/flag-icon-css/flags/4x3/tc.svg]
[teamthe4.com/assets/flag-icon-css/flags/1x1/tc.svg]
[teamthe4.com/assets/flag-icon-css/flags/4x3/td.svg]
[teamthe4.com/assets/flag-icon-css/flags/1x1/td.svg]
[teamthe4.com/assets/flag-icon-css/flags/4x3/tf.svg]
[teamthe4.com/assets/flag-icon-css/flags/1x1/tf.svg]
[teamthe4.com/assets/flag-icon-css/flags/4x3/tg.svg]
[teamthe4.com/assets/flag-icon-css/flags/1x1/tg.svg]
[teamthe4.com/assets/flag-icon-css/flags/4x3/th.svg]
[teamthe4.com/assets/flag-icon-css/flags/1x1/th.svg]
[teamthe4.com/assets/flag-icon-css/flags/4x3/tj.svg]
[teamthe4.com/assets/flag-icon-css/flags/1x1/tj.svg]
[teamthe4.com/assets/flag-icon-css/flags/4x3/tk.svg]
[teamthe4.com/assets/flag-icon-css/flags/1x1/tk.svg]
[teamthe4.com/assets/flag-icon-css/flags/4x3/tl.svg]
[teamthe4.com/assets/flag-icon-css/flags/1x1/tl.svg]
[teamthe4.com/assets/flag-icon-css/flags/4x3/tm.svg]
[teamthe4.com/assets/flag-icon-css/flags/1x1/tm.svg]
[teamthe4.com/assets/flag-icon-css/flags/4x3/tn.svg]
[teamthe4.com/assets/flag-icon-css/flags/1x1/tn.svg]
[teamthe4.com/assets/flag-icon-css/flags/4x3/to.svg]
[teamthe4.com/assets/flag-icon-css/flags/1x1/to.svg]
[teamthe4.com/assets/flag-icon-css/flags/4x3/tr.svg]
[teamthe4.com/assets/flag-icon-css/flags/1x1/tr.svg]
[teamthe4.com/assets/flag-icon-css/flags/4x3/tt.svg]
[teamthe4.com/assets/flag-icon-css/flags/1x1/tt.svg]
[teamthe4.com/assets/flag-icon-css/flags/4x3/tv.svg]
[teamthe4.com/assets/flag-icon-css/flags/1x1/tv.svg]
[teamthe4.com/assets/flag-icon-css/flags/4x3/tw.svg]
[teamthe4.com/assets/flag-icon-css/flags/1x1/tw.svg]
[teamthe4.com/assets/flag-icon-css/flags/4x3/tz.svg]
[teamthe4.com/assets/flag-icon-css/flags/1x1/tz.svg]
[teamthe4.com/assets/flag-icon-css/flags/4x3/ua.svg]
[teamthe4.com/assets/flag-icon-css/flags/1x1/ua.svg]
[teamthe4.com/assets/flag-icon-css/flags/4x3/ug.svg]
[teamthe4.com/assets/flag-icon-css/flags/1x1/ug.svg]
[teamthe4.com/assets/flag-icon-css/flags/4x3/um.svg]
[teamthe4.com/assets/flag-icon-css/flags/1x1/um.svg]
[teamthe4.com/assets/flag-icon-css/flags/4x3/us.svg]
[teamthe4.com/assets/flag-icon-css/flags/1x1/us.svg]
[teamthe4.com/assets/flag-icon-css/flags/4x3/uy.svg]
[teamthe4.com/assets/flag-icon-css/flags/1x1/uy.svg]
[teamthe4.com/assets/flag-icon-css/flags/4x3/uz.svg]
[teamthe4.com/assets/flag-icon-css/flags/1x1/uz.svg]
[teamthe4.com/assets/flag-icon-css/flags/4x3/va.svg]
[teamthe4.com/assets/flag-icon-css/flags/1x1/va.svg]
[teamthe4.com/assets/flag-icon-css/flags/4x3/vc.svg]
[teamthe4.com/assets/flag-icon-css/flags/1x1/vc.svg]
[teamthe4.com/assets/flag-icon-css/flags/4x3/ve.svg]
[teamthe4.com/assets/flag-icon-css/flags/1x1/ve.svg]
[teamthe4.com/assets/flag-icon-css/flags/4x3/vg.svg]
[teamthe4.com/assets/flag-icon-css/flags/1x1/vg.svg]
[teamthe4.com/assets/flag-icon-css/flags/4x3/vi.svg]
[teamthe4.com/assets/flag-icon-css/flags/1x1/vi.svg]
[teamthe4.com/assets/flag-icon-css/flags/4x3/vn.svg]
[teamthe4.com/assets/flag-icon-css/flags/1x1/vn.svg]
[teamthe4.com/assets/flag-icon-css/flags/4x3/vu.svg]
[teamthe4.com/assets/flag-icon-css/flags/1x1/vu.svg]
[teamthe4.com/assets/flag-icon-css/flags/4x3/wf.svg]
[teamthe4.com/assets/flag-icon-css/flags/1x1/wf.svg]
[teamthe4.com/assets/flag-icon-css/flags/4x3/ws.svg]
[teamthe4.com/assets/flag-icon-css/flags/1x1/ws.svg]
[teamthe4.com/assets/flag-icon-css/flags/4x3/ye.svg]
[teamthe4.com/assets/flag-icon-css/flags/1x1/ye.svg]
[teamthe4.com/assets/flag-icon-css/flags/4x3/yt.svg]
[teamthe4.com/assets/flag-icon-css/flags/1x1/yt.svg]
[teamthe4.com/assets/flag-icon-css/flags/4x3/za.svg]
[teamthe4.com/assets/flag-icon-css/flags/1x1/za.svg]
[teamthe4.com/assets/flag-icon-css/flags/4x3/zm.svg]
[teamthe4.com/assets/flag-icon-css/flags/1x1/zm.svg]
[teamthe4.com/assets/flag-icon-css/flags/4x3/zw.svg]
[teamthe4.com/assets/flag-icon-css/flags/1x1/zw.svg]
[teamthe4.com/assets/flag-icon-css/flags/4x3/es-ct.svg]
[teamthe4.com/assets/flag-icon-css/flags/1x1/es-ct.svg]
[teamthe4.com/assets/flag-icon-css/flags/4x3/eu.svg]
[teamthe4.com/assets/flag-icon-css/flags/1x1/eu.svg]
[teamthe4.com/assets/flag-icon-css/flags/4x3/gb-eng.svg]
[teamthe4.com/assets/flag-icon-css/flags/1x1/gb-eng.svg]
[teamthe4.com/assets/flag-icon-css/flags/4x3/gb-nir.svg]
[teamthe4.com/assets/flag-icon-css/flags/1x1/gb-nir.svg]
[teamthe4.com/assets/flag-icon-css/flags/4x3/gb-sct.svg]
[teamthe4.com/assets/flag-icon-css/flags/1x1/gb-sct.svg]
[teamthe4.com/assets/flag-icon-css/flags/4x3/gb-wls.svg]
[teamthe4.com/assets/flag-icon-css/flags/1x1/gb-wls.svg]
[teamthe4.com/assets/flag-icon-css/flags/4x3/un.svg]
[teamthe4.com/assets/flag-icon-css/flags/1x1/un.svg]
[teamthe4.com/contacts-2.html]
[teamthe4.com/img-x/Android-welc.gif]
[teamthe4.com/assets/js/contact.html]
